Archive member included to satisfy reference by file (symbol)

d:/rt-threadstudio/repo/extract/toolchain_support_packages/arm/gnu_tools_for_arm_embedded_processors/10.2.1/bin/../lib/gcc/arm-none-eabi/10.2.1/../../../../arm-none-eabi/lib/thumb/v8-m.main+fp/hard\libm.a(lib_a-s_cos.o)
                              ./packages/ssd1306-latest/src/ssd1306.o (cos)
d:/rt-threadstudio/repo/extract/toolchain_support_packages/arm/gnu_tools_for_arm_embedded_processors/10.2.1/bin/../lib/gcc/arm-none-eabi/10.2.1/../../../../arm-none-eabi/lib/thumb/v8-m.main+fp/hard\libm.a(lib_a-s_sin.o)
                              ./packages/ssd1306-latest/src/ssd1306.o (sin)
d:/rt-threadstudio/repo/extract/toolchain_support_packages/arm/gnu_tools_for_arm_embedded_processors/10.2.1/bin/../lib/gcc/arm-none-eabi/10.2.1/../../../../arm-none-eabi/lib/thumb/v8-m.main+fp/hard\libm.a(lib_a-e_rem_pio2.o)
                              d:/rt-threadstudio/repo/extract/toolchain_support_packages/arm/gnu_tools_for_arm_embedded_processors/10.2.1/bin/../lib/gcc/arm-none-eabi/10.2.1/../../../../arm-none-eabi/lib/thumb/v8-m.main+fp/hard\libm.a(lib_a-s_cos.o) (__ieee754_rem_pio2)
d:/rt-threadstudio/repo/extract/toolchain_support_packages/arm/gnu_tools_for_arm_embedded_processors/10.2.1/bin/../lib/gcc/arm-none-eabi/10.2.1/../../../../arm-none-eabi/lib/thumb/v8-m.main+fp/hard\libm.a(lib_a-k_cos.o)
                              d:/rt-threadstudio/repo/extract/toolchain_support_packages/arm/gnu_tools_for_arm_embedded_processors/10.2.1/bin/../lib/gcc/arm-none-eabi/10.2.1/../../../../arm-none-eabi/lib/thumb/v8-m.main+fp/hard\libm.a(lib_a-s_cos.o) (__kernel_cos)
d:/rt-threadstudio/repo/extract/toolchain_support_packages/arm/gnu_tools_for_arm_embedded_processors/10.2.1/bin/../lib/gcc/arm-none-eabi/10.2.1/../../../../arm-none-eabi/lib/thumb/v8-m.main+fp/hard\libm.a(lib_a-k_rem_pio2.o)
                              d:/rt-threadstudio/repo/extract/toolchain_support_packages/arm/gnu_tools_for_arm_embedded_processors/10.2.1/bin/../lib/gcc/arm-none-eabi/10.2.1/../../../../arm-none-eabi/lib/thumb/v8-m.main+fp/hard\libm.a(lib_a-e_rem_pio2.o) (__kernel_rem_pio2)
d:/rt-threadstudio/repo/extract/toolchain_support_packages/arm/gnu_tools_for_arm_embedded_processors/10.2.1/bin/../lib/gcc/arm-none-eabi/10.2.1/../../../../arm-none-eabi/lib/thumb/v8-m.main+fp/hard\libm.a(lib_a-k_sin.o)
                              d:/rt-threadstudio/repo/extract/toolchain_support_packages/arm/gnu_tools_for_arm_embedded_processors/10.2.1/bin/../lib/gcc/arm-none-eabi/10.2.1/../../../../arm-none-eabi/lib/thumb/v8-m.main+fp/hard\libm.a(lib_a-s_cos.o) (__kernel_sin)
d:/rt-threadstudio/repo/extract/toolchain_support_packages/arm/gnu_tools_for_arm_embedded_processors/10.2.1/bin/../lib/gcc/arm-none-eabi/10.2.1/../../../../arm-none-eabi/lib/thumb/v8-m.main+fp/hard\libm.a(lib_a-s_fabs.o)
                              d:/rt-threadstudio/repo/extract/toolchain_support_packages/arm/gnu_tools_for_arm_embedded_processors/10.2.1/bin/../lib/gcc/arm-none-eabi/10.2.1/../../../../arm-none-eabi/lib/thumb/v8-m.main+fp/hard\libm.a(lib_a-e_rem_pio2.o) (fabs)
d:/rt-threadstudio/repo/extract/toolchain_support_packages/arm/gnu_tools_for_arm_embedded_processors/10.2.1/bin/../lib/gcc/arm-none-eabi/10.2.1/../../../../arm-none-eabi/lib/thumb/v8-m.main+fp/hard\libm.a(lib_a-s_floor.o)
                              d:/rt-threadstudio/repo/extract/toolchain_support_packages/arm/gnu_tools_for_arm_embedded_processors/10.2.1/bin/../lib/gcc/arm-none-eabi/10.2.1/../../../../arm-none-eabi/lib/thumb/v8-m.main+fp/hard\libm.a(lib_a-k_rem_pio2.o) (floor)
d:/rt-threadstudio/repo/extract/toolchain_support_packages/arm/gnu_tools_for_arm_embedded_processors/10.2.1/bin/../lib/gcc/arm-none-eabi/10.2.1/../../../../arm-none-eabi/lib/thumb/v8-m.main+fp/hard\libm.a(lib_a-s_scalbn.o)
                              d:/rt-threadstudio/repo/extract/toolchain_support_packages/arm/gnu_tools_for_arm_embedded_processors/10.2.1/bin/../lib/gcc/arm-none-eabi/10.2.1/../../../../arm-none-eabi/lib/thumb/v8-m.main+fp/hard\libm.a(lib_a-k_rem_pio2.o) (scalbn)
d:/rt-threadstudio/repo/extract/toolchain_support_packages/arm/gnu_tools_for_arm_embedded_processors/10.2.1/bin/../lib/gcc/arm-none-eabi/10.2.1/../../../../arm-none-eabi/lib/thumb/v8-m.main+fp/hard\libc.a(lib_a-exit.o)
                              d:/rt-threadstudio/repo/extract/toolchain_support_packages/arm/gnu_tools_for_arm_embedded_processors/10.2.1/bin/../lib/gcc/arm-none-eabi/10.2.1/../../../../arm-none-eabi/lib/thumb/v8-m.main+fp/hard/crt0.o (exit)
d:/rt-threadstudio/repo/extract/toolchain_support_packages/arm/gnu_tools_for_arm_embedded_processors/10.2.1/bin/../lib/gcc/arm-none-eabi/10.2.1/../../../../arm-none-eabi/lib/thumb/v8-m.main+fp/hard\libc.a(lib_a-impure.o)
[...]
Memory Configuration

Name             Origin             Length             Attributes
FLASH            0x00000000         0x00100000         xr
RAM              0x20000000         0x00040000         xrw
DATA_FLASH       0x08000000         0x00002000         xr
QSPI_FLASH       0x60000000         0x04000000         xr
OSPI_DEVICE_0    0x68000000         0x08000000         xr
OSPI_DEVICE_1    0x70000000         0x10000000         xr
OSPI_DEVICE_0_RAM 0x68000000         0x08000000         xrw
OSPI_DEVICE_1_RAM 0x70000000         0x10000000         xrw
SDRAM            0x90000000         0x00000000         xrw
OPTION_SETTING   0x0100a100         0x00000100         r
OPTION_SETTING_S 0x0100a200         0x00000100         r
ID_CODE          0x00000000         0x00000000         xr
*default*        0x00000000         0xffffffff

Linker script and memory map

LOAD d:/rt-threadstudio/repo/extract/toolchain_support_packages/arm/gnu_tools_for_arm_embedded_processors/10.2.1/bin/../lib/gcc/arm-none-eabi/10.2.1/thumb/v8-m.main+fp/hard/crti.o
LOAD d:/rt-threadstudio/repo/extract/toolchain_support_packages/arm/gnu_tools_for_arm_embedded_processors/10.2.1/bin/../lib/gcc/arm-none-eabi/10.2.1/thumb/v8-m.main+fp/hard/crtbegin.o
LOAD d:/rt-threadstudio/repo/extract/toolchain_support_packages/arm/gnu_tools_for_arm_embedded_processors/10.2.1/bin/../lib/gcc/arm-none-eabi/10.2.1/../../../../arm-none-eabi/lib/thumb/v8-m.main+fp/hard/crt0.o
LOAD ./src/hal_entry.o
LOAD ./rt-thread/src/clock.o
LOAD ./rt-thread/src/components.o
LOAD ./rt-thread/src/device.o
LOAD ./rt-thread/src/idle.o
LOAD ./rt-thread/src/ipc.o
LOAD ./rt-thread/src/irq.o
LOAD ./rt-thread/src/kservice.o
LOAD ./rt-thread/src/mem.o
LOAD ./rt-thread/src/object.o
LOAD ./rt-thread/src/scheduler.o
LOAD ./rt-thread/src/thread.o
LOAD ./rt-thread/src/timer.o
LOAD ./rt-thread/libcpu/arm/cortex-m4/context_gcc.o
LOAD ./rt-thread/libcpu/arm/cortex-m4/cpuport.o
LOAD ./rt-thread/libcpu/arm/common/backtrace.o
LOAD ./rt-thread/libcpu/arm/common/div0.o
LOAD ./rt-thread/libcpu/arm/common/showmem.o
LOAD ./rt-thread/components/libc/compilers/newlib/syscalls.o
LOAD ./rt-thread/components/libc/compilers/common/stdlib.o
LOAD ./rt-thread/components/libc/compilers/common/time.o
LOAD ./rt-thread/components/finsh/cmd.o
LOAD ./rt-thread/components/finsh/msh.o
LOAD ./rt-thread/components/finsh/shell.o
LOAD ./rt-thread/components/drivers/serial/serial_v2.o
LOAD ./rt-thread/components/drivers/misc/pin.o
LOAD ./rt-thread/components/drivers/ipc/completion.o
LOAD ./rt-thread/components/drivers/ipc/dataqueue.o
LOAD ./rt-thread/components/drivers/ipc/pipe.o
LOAD ./rt-thread/components/drivers/ipc/ringblk_buf.o
LOAD ./rt-thread/components/drivers/ipc/ringbuffer.o
LOAD ./rt-thread/components/drivers/ipc/waitqueue.o
LOAD ./rt-thread/components/drivers/ipc/workqueue.o
LOAD ./rt-thread/components/drivers/i2c/i2c-bit-ops.o
LOAD ./rt-thread/components/drivers/i2c/i2c_core.o
LOAD ./rt-thread/components/drivers/i2c/i2c_dev.o
LOAD ./ra_gen/common_data.o
LOAD ./ra_gen/hal_data.o
LOAD ./ra_gen/main.o
LOAD ./ra_gen/pin_data.o
LOAD ./ra_gen/vector_data.o
LOAD ./ra/fsp/src/r_sci_uart/r_sci_uart.o
LOAD ./ra/fsp/src/r_ioport/r_ioport.o
LOAD ./ra/fsp/src/r_icu/r_icu.o
LOAD ./ra/fsp/src/bsp/mcu/all/bsp_clocks.o
LOAD ./ra/fsp/src/bsp/mcu/all/bsp_common.o
LOAD ./ra/fsp/src/bsp/mcu/all/bsp_delay.o
LOAD ./ra/fsp/src/bsp/mcu/all/bsp_group_irq.o
LOAD ./ra/fsp/src/bsp/mcu/all/bsp_guard.o
LOAD ./ra/fsp/src/bsp/mcu/all/bsp_io.o
LOAD ./ra/fsp/src/bsp/mcu/all/bsp_irq.o
LOAD ./ra/fsp/src/bsp/mcu/all/bsp_register_protection.o
LOAD ./ra/fsp/src/bsp/mcu/all/bsp_rom_registers.o
LOAD ./ra/fsp/src/bsp/mcu/all/bsp_sbrk.o
LOAD ./ra/fsp/src/bsp/mcu/all/bsp_security.o
LOAD ./ra/fsp/src/bsp/cmsis/Device/RENESAS/Source/startup.o
LOAD ./ra/fsp/src/bsp/cmsis/Device/RENESAS/Source/system.o
LOAD ./packages/ssd1306-latest/src/ssd1306.o
LOAD ./packages/ssd1306-latest/src/ssd1306_fonts.o
LOAD ./packages/ssd1306-latest/examples/ssd1306_tests.o
LOAD ./libraries/HAL_Drivers/drv_common.o
LOAD ./libraries/HAL_Drivers/drv_gpio.o
LOAD ./libraries/HAL_Drivers/drv_soft_i2c.o
LOAD ./libraries/HAL_Drivers/drv_usart_v2.o
LOAD ./board/ports/drv_rw007.o
LOAD d:/rt-threadstudio/repo/extract/toolchain_support_packages/arm/gnu_tools_for_arm_embedded_processors/10.2.1/bin/../lib/gcc/arm-none-eabi/10.2.1/../../../../arm-none-eabi/lib/thumb/v8-m.main+fp/hard\libm.a
LOAD d:/rt-threadstudio/repo/extract/toolchain_support_packages/arm/gnu_tools_for_arm_embedded_processors/10.2.1/bin/../lib/gcc/arm-none-eabi/10.2.1/../../../../arm-none-eabi/lib/thumb/v8-m.main+fp/hard\libc.a
START GROUP
LOAD d:/rt-threadstudio/repo/extract/toolchain_support_packages/arm/gnu_tools_for_arm_embedded_processors/10.2.1/bin/../lib/gcc/arm-none-eabi/10.2.1/thumb/v8-m.main+fp/hard\libgcc.a
LOAD d:/rt-threadstudio/repo/extract/toolchain_support_packages/arm/gnu_tools_for_arm_embedded_processors/10.2.1/bin/../lib/gcc/arm-none-eabi/10.2.1/../../../../arm-none-eabi/lib/thumb/v8-m.main+fp/hard\libc.a
END GROUP
LOAD d:/rt-threadstudio/repo/extract/toolchain_support_packages/arm/gnu_tools_for_arm_embedded_processors/10.2.1/bin/../lib/gcc/arm-none-eabi/10.2.1/thumb/v8-m.main+fp/hard/crtend.o
LOAD d:/rt-threadstudio/repo/extract/toolchain_support_packages/arm/gnu_tools_for_arm_embedded_processors/10.2.1/bin/../lib/gcc/arm-none-eabi/10.2.1/thumb/v8-m.main+fp/hard/crtn.o
                0x20000000                RAM_START = 0x20000000
                0x00040000                RAM_LENGTH = 0x40000
                0x00000000                FLASH_START = 0x0
                0x00100000                FLASH_LENGTH = 0x100000
                0x08000000                DATA_FLASH_START = 0x8000000
                0x00002000                DATA_FLASH_LENGTH = 0x2000
                0x0100a100                OPTION_SETTING_START = 0x100a100
                0x00000100                OPTION_SETTING_LENGTH = 0x100
                0x0100a200                OPTION_SETTING_S_START = 0x100a200
                0x00000100                OPTION_SETTING_S_LENGTH = 0x100
                0x00000000                ID_CODE_START = 0x0
                0x00000000                ID_CODE_LENGTH = 0x0
                0x90000000                SDRAM_START = 0x90000000
                0x00000000                SDRAM_LENGTH = 0x0
                0x60000000                QSPI_FLASH_START = 0x60000000
                0x04000000                QSPI_FLASH_LENGTH = 0x4000000
                0x68000000                OSPI_DEVICE_0_START = 0x68000000
                0x08000000                OSPI_DEVICE_0_LENGTH = 0x8000000
                0x70000000                OSPI_DEVICE_1_START = 0x70000000
                0x10000000                OSPI_DEVICE_1_LENGTH = 0x10000000
                0x04000000                QSPI_FLASH_PRV_LENGTH = DEFINED (QSPI_FLASH_SIZE)?ABSOLUTE (QSPI_FLASH_SIZE):ABSOLUTE (QSPI_FLASH_LENGTH)
                0x08000000                OSPI_DEVICE_0_PRV_LENGTH = DEFINED (OSPI_DEVICE_0_SIZE)?ABSOLUTE (OSPI_DEVICE_0_SIZE):ABSOLUTE (OSPI_DEVICE_0_LENGTH)
                0x10000000                OSPI_DEVICE_1_PRV_LENGTH = DEFINED (OSPI_DEVICE_1_SIZE)?ABSOLUTE (OSPI_DEVICE_1_SIZE):ABSOLUTE (OSPI_DEVICE_1_LENGTH)
                0x00000000                __RESERVE_NS_RAM = ((! (DEFINED (PROJECT_NONSECURE)) && DEFINED (RAM_NS_BUFFER_LENGTH)) && (OPTION_SETTING_S_LENGTH != 0x0))
                0x00000000                RAM_NS_BUFFER_BLOCK_LENGTH = DEFINED (RAM_NS_BUFFER_LENGTH)?ALIGN (RAM_NS_BUFFER_LENGTH, 0x2000):0x0
                0x00000000                RAM_NS_BUFFER_LENGTH = DEFINED (RAM_NS_BUFFER_LENGTH)?RAM_NS_BUFFER_LENGTH:0x0
                0x20040000                RAM_NS_BUFFER_START = ((RAM_START + RAM_LENGTH) - RAM_NS_BUFFER_LENGTH)
                0x20040000                RAM_NS_BUFFER_BLOCK_START = ((RAM_START + RAM_LENGTH) - RAM_NS_BUFFER_BLOCK_LENGTH)
                0x0100a180                OPTION_SETTING_START_NS = 0x100a180
                0x00000001                __bl_FSP_BOOTABLE_IMAGE = 0x1
                0x00000001                __bln_FSP_BOOTABLE_IMAGE = 0x1
                0x00000001                PROJECT_SECURE_OR_FLAT = ((! (DEFINED (PROJECT_NONSECURE)) && OPTION_SETTING_LENGTH) && ! (DEFINED (FSP_BOOTABLE_IMAGE)))
                0x00000000                USE_OPTION_SETTING_NS = (DEFINED (PROJECT_NONSECURE) && ! (DEFINED (FSP_BOOTABLE_IMAGE)))
                0x00000000                __bl_FLASH_IMAGE_START = ! (DEFINED (FLASH_BOOTLOADER_LENGTH))?0x0:(FLASH_APPLICATION_IMAGE_NUMBER == 0x1)?(FLASH_BOOTLOADER_LENGTH + FLASH_BOOTLOADER_HEADER_LENGTH):(((FLASH_BOOTLOADER_LENGTH + FLASH_BOOTLOADER_SCRATCH_LENGTH) + FLASH_APPLICATION_S_LENGTH) + FLASH_BOOTLOADER_HEADER_LENGTH)
                0x00000000                __bl_FLASH_IMAGE_LENGTH = ! (DEFINED (FLASH_BOOTLOADER_LENGTH))?0x0:(FLASH_APPLICATION_S_LENGTH - FLASH_BOOTLOADER_HEADER_LENGTH)
                0x00000000                __bl_FLASH_IMAGE_END = (__bl_FLASH_IMAGE_START + __bl_FLASH_IMAGE_LENGTH)
                0x00000000                __bl_FLASH_NS_START = ! (DEFINED (FLASH_BOOTLOADER_LENGTH))?0x0:(FLASH_APPLICATION_NS_LENGTH == 0x0)?__bl_FLASH_IMAGE_END:((__bl_FLASH_IMAGE_START - FLASH_BOOTLOADER_HEADER_LENGTH) + FLASH_APPLICATION_S_LENGTH)
                0x00000000                __bl_FLASH_NSC_START = ! (DEFINED (FLASH_BOOTLOADER_LENGTH))?0x0:(FLASH_APPLICATION_NS_LENGTH == 0x0)?__bl_FLASH_IMAGE_END:(__bl_FLASH_NS_START - FLASH_APPLICATION_NSC_LENGTH)
                0x00000000                __bl_RAM_NS_START = ! (DEFINED (FLASH_BOOTLOADER_LENGTH))?0x0:(FLASH_APPLICATION_NS_LENGTH == 0x0)?(RAM_START + RAM_LENGTH):((RAM_START + RAM_LENGTH) - RAM_APPLICATION_NS_LENGTH)
                0x00000000                __bl_RAM_NSC_START = ! (DEFINED (FLASH_BOOTLOADER_LENGTH))?0x0:(FLASH_APPLICATION_NS_LENGTH == 0x0)?(RAM_START + RAM_LENGTH):(__bl_RAM_NS_START - RAM_APPLICATION_NSC_LENGTH)
                0x00000000                __bl_FLASH_NS_IMAGE_START = ! (DEFINED (FLASH_BOOTLOADER_LENGTH))?0x0:(FLASH_APPLICATION_NS_LENGTH == 0x0)?__bl_FLASH_IMAGE_END:(__bl_FLASH_NS_START + FLASH_BOOTLOADER_HEADER_LENGTH_2)
                0x00000000                __bln_FLASH_IMAGE_START = __bl_FLASH_NS_IMAGE_START
                0x00000000                __bln_FLASH_IMAGE_LENGTH = ! (DEFINED (FLASH_BOOTLOADER_LENGTH))?0x0:(FLASH_APPLICATION_NS_LENGTH == 0x0)?__bl_FLASH_IMAGE_END:(FLASH_APPLICATION_NS_LENGTH - FLASH_BOOTLOADER_HEADER_LENGTH_2)
                0x00000000                FLASH_ORIGIN = DEFINED (FLASH_IMAGE_START)?FLASH_IMAGE_START:FLASH_START
                0x00100000                LIMITED_FLASH_LENGTH = DEFINED (FLASH_IMAGE_LENGTH)?FLASH_IMAGE_LENGTH:DEFINED (FLASH_BOOTLOADER_LENGTH)?FLASH_BOOTLOADER_LENGTH:FLASH_LENGTH
START GROUP
LOAD d:/rt-threadstudio/repo/extract/toolchain_support_packages/arm/gnu_tools_for_arm_embedded_processors/10.2.1/bin/../lib/gcc/arm-none-eabi/10.2.1/thumb/v8-m.main+fp/hard\libgcc.a
LOAD d:/rt-threadstudio/repo/extract/toolchain_support_packages/arm/gnu_tools_for_arm_embedded_processors/10.2.1/bin/../lib/gcc/arm-none-eabi/10.2.1/../../../../arm-none-eabi/lib/thumb/v8-m.main+fp/hard\libc.a
LOAD d:/rt-threadstudio/repo/extract/toolchain_support_packages/arm/gnu_tools_for_arm_embedded_processors/10.2.1/bin/../lib/gcc/arm-none-eabi/10.2.1/../../../../arm-none-eabi/lib/thumb/v8-m.main+fp/hard\libm.a
LOAD d:/rt-threadstudio/repo/extract/toolchain_support_packages/arm/gnu_tools_for_arm_embedded_processors/10.2.1/bin/../lib/gcc/arm-none-eabi/10.2.1/../../../../arm-none-eabi/lib/thumb/v8-m.main+fp/hard\libnosys.a
END GROUP

.text           0x00000000    0x18334
                0x00000000                __tz_FLASH_S = ABSOLUTE (FLASH_START)
                0x00000000                __ROM_Start = .
 *(.fixed_vectors*)
 .fixed_vectors
                0x00000000       0x40 ./ra/fsp/src/bsp/cmsis/Device/RENESAS/Source/startup.o
                0x00000000                __Vectors
 *(.application_vectors*)
 .application_vectors
                0x00000040      0x180 ./ra_gen/vector_data.o
                0x00000040                g_vector_table
                0x000001c0                __Vectors_End = .
                0x000001c0                . = (OPTION_SETTING_LENGTH > 0x0)?.:(__ROM_Start + 0x400)
 *(.rom_registers*)
                0x000001c0                . = (OPTION_SETTING_LENGTH > 0x0)?.:(__ROM_Start + 0x500)
                0x00000200                . = ALIGN (0x80)
 *fill*         0x000001c0       0x40 ff
 *(.mcuboot_sce9_key*)
 *(.text*)
 .text          0x00000200       0x40 d:/rt-threadstudio/repo/extract/toolchain_support_packages/arm/gnu_tools_for_arm_embedded_processors/10.2.1/bin/../lib/gcc/arm-none-eabi/10.2.1/thumb/v8-m.main+fp/hard/crtbegin.o
 .text.hal_entry
                0x00000240       0x34 ./src/hal_entry.o
                0x00000240                hal_entry
 .text.irq_callback_test
                0x00000274       0x1c ./src/hal_entry.o
                0x00000274                irq_callback_test
 .text.icu_sample
                0x00000290       0x68 ./src/hal_entry.o
                0x00000290                icu_sample
 .text.rt_tick_get
                0x000002f8       0x18 ./rt-thread/src/clock.o
                0x000002f8                rt_tick_get
 .text.rt_tick_increase
                0x00000310       0x7c ./rt-thread/src/clock.o
                0x00000310                rt_tick_increase
 .text.rt_tick_from_millisecond
                0x0000038c       0x78 ./rt-thread/src/clock.o
                0x0000038c                rt_tick_from_millisecond
 .text.rti_start
                0x00000404       0x10 ./rt-thread/src/components.o
 .text.rti_board_start
                0x00000414       0x10 ./rt-thread/src/components.o
 .text.rti_board_end
                0x00000424       0x10 ./rt-thread/src/components.o
 .text.rti_end  0x00000434       0x10 ./rt-thread/src/components.o
 .text.rt_components_board_init
                0x00000444       0x34 ./rt-thread/src/components.o
                0x00000444                rt_components_board_init
 .text.rt_components_init
                0x00000478       0x34 ./rt-thread/src/components.o
                0x00000478                rt_components_init
 .text.entry    0x000004ac        0xe ./rt-thread/src/components.o
                0x000004ac                entry
 .text.main_thread_entry
                0x000004ba       0x18 ./rt-thread/src/components.o
                0x000004ba                main_thread_entry
 *fill*         0x000004d2        0x2 ff
 .text.rt_application_init
                0x000004d4       0x4c ./rt-thread/src/components.o
                0x000004d4                rt_application_init
 .text.rtthread_startup
                0x00000520       0x2e ./rt-thread/src/components.o
                0x00000520                rtthread_startup
 .text.rt_device_register
                0x0000054e       0x54 ./rt-thread/src/device.o
                0x0000054e                rt_device_register
 .text.rt_device_find
                0x000005a2       0x1a ./rt-thread/src/device.o
                0x000005a2                rt_device_find
 .text.rt_device_open
                0x000005bc      0x108 ./rt-thread/src/device.o
                0x000005bc                rt_device_open
 .text.rt_device_close
                0x000006c4       0x9c ./rt-thread/src/device.o
                0x000006c4                rt_device_close
 .text.rt_device_read
                0x00000760       0x88 ./rt-thread/src/device.o
                0x00000760                rt_device_read
 .text.rt_device_write
                0x000007e8       0x88 ./rt-thread/src/device.o
                0x000007e8                rt_device_write
 .text.rt_device_set_rx_indicate
                0x00000870       0x54 ./rt-thread/src/device.o
                0x00000870                rt_device_set_rx_indicate
 .text.rt_list_insert_after
                0x000008c4       0x32 ./rt-thread/src/idle.o
 .text.rt_list_remove
                0x000008f6       0x36 ./rt-thread/src/idle.o
 .text.rt_thread_defunct_enqueue
                0x0000092c       0x20 ./rt-thread/src/idle.o
                0x0000092c                rt_thread_defunct_enqueue
 .text.rt_thread_defunct_dequeue
                0x0000094c       0x44 ./rt-thread/src/idle.o
                0x0000094c                rt_thread_defunct_dequeue
 .text.rt_defunct_execute
                0x00000990       0x54 ./rt-thread/src/idle.o
 .text.rt_thread_idle_entry
                0x000009e4       0x38 ./rt-thread/src/idle.o
 .text.rt_thread_idle_init
                0x00000a1c       0x78 ./rt-thread/src/idle.o
                0x00000a1c                rt_thread_idle_init
 .text.rt_list_init
                0x00000a94       0x22 ./rt-thread/src/ipc.o
 .text.rt_list_insert_before
                0x00000ab6       0x32 ./rt-thread/src/ipc.o
 .text.rt_list_isempty
                0x00000ae8       0x24 ./rt-thread/src/ipc.o
 .text._ipc_object_init
                0x00000b0c       0x1c ./rt-thread/src/ipc.o
 .text._ipc_list_suspend
                0x00000b28       0xa4 ./rt-thread/src/ipc.o
 .text._ipc_list_resume
                0x00000bcc       0x20 ./rt-thread/src/ipc.o
 .text.rt_sem_init
                0x00000bec       0x88 ./rt-thread/src/ipc.o
                0x00000bec                rt_sem_init
 .text.rt_sem_take
                0x00000c74      0x190 ./rt-thread/src/ipc.o
                0x00000c74                rt_sem_take
 .text.rt_sem_release
                0x00000e04       0xbc ./rt-thread/src/ipc.o
                0x00000e04                rt_sem_release
 .text.rt_mutex_init
                0x00000ec0       0x64 ./rt-thread/src/ipc.o
                0x00000ec0                rt_mutex_init
 .text.rt_mutex_take
                0x00000f24      0x21c ./rt-thread/src/ipc.o
                0x00000f24                rt_mutex_take
 .text.rt_mutex_release
                0x00001140      0x1bc ./rt-thread/src/ipc.o
                0x00001140                rt_mutex_release
 .text.rt_interrupt_enter
                0x000012fc       0x40 ./rt-thread/src/irq.o
                0x000012fc                rt_interrupt_enter
 .text.rt_interrupt_leave
                0x0000133c       0x40 ./rt-thread/src/irq.o
                0x0000133c                rt_interrupt_leave
 .text.rt_interrupt_get_nest
                0x0000137c       0x28 ./rt-thread/src/irq.o
                0x0000137c                rt_interrupt_get_nest
 .text.rt_set_errno
                0x000013a4       0x40 ./rt-thread/src/kservice.o
                0x000013a4                rt_set_errno
 .text.rt_memset
                0x000013e4       0xb6 ./rt-thread/src/kservice.o
                0x000013e4                rt_memset
 .text.rt_memcpy
                0x0000149a       0xd2 ./rt-thread/src/kservice.o
                0x0000149a                rt_memcpy
 .text.rt_memmove
                0x0000156c       0x82 ./rt-thread/src/kservice.o
                0x0000156c                rt_memmove
 .text.rt_strncpy
                0x000015ee       0x64 ./rt-thread/src/kservice.o
                0x000015ee                rt_strncpy
 .text.rt_strncmp
                0x00001652       0x4a ./rt-thread/src/kservice.o
                0x00001652                rt_strncmp
 .text.rt_strlen
                0x0000169c       0x2e ./rt-thread/src/kservice.o
                0x0000169c                rt_strlen
 *fill*         0x000016ca        0x2 ff
 .text.rt_show_version
                0x000016cc       0x4c ./rt-thread/src/kservice.o
                0x000016cc                rt_show_version
 .text.divide   0x00001718       0x68 ./rt-thread/src/kservice.o
 .text.skip_atoi
                0x00001780       0x40 ./rt-thread/src/kservice.o
 .text.print_number
                0x000017c0      0x1dc ./rt-thread/src/kservice.o
 .text.rt_vsnprintf
                0x0000199c      0x4ac ./rt-thread/src/kservice.o
                0x0000199c                rt_vsnprintf
 .text.rt_vsprintf
                0x00001e48       0x24 ./rt-thread/src/kservice.o
                0x00001e48                rt_vsprintf
 .text.rt_sprintf
                0x00001e6c       0x2c ./rt-thread/src/kservice.o
                0x00001e6c                rt_sprintf
 .text.rt_console_get_device
                0x00001e98       0x18 ./rt-thread/src/kservice.o
                0x00001e98                rt_console_get_device
 .text.rt_console_set_device
                0x00001eb0       0x58 ./rt-thread/src/kservice.o
                0x00001eb0                rt_console_set_device
 .text.rt_hw_console_output
                0x00001f08       0x14 ./rt-thread/src/kservice.o
                0x00001f08                rt_hw_console_output
 .text.rt_kprintf
                0x00001f1c       0x60 ./rt-thread/src/kservice.o
                0x00001f1c                rt_kprintf
 .text._heap_lock_init
                0x00001f7c       0x1c ./rt-thread/src/kservice.o
 .text._heap_lock
                0x00001f98       0x28 ./rt-thread/src/kservice.o
 .text._heap_unlock
                0x00001fc0       0x40 ./rt-thread/src/kservice.o
 .text._smem_info
                0x00002000       0x4c ./rt-thread/src/kservice.o
 .text.rt_system_heap_init
                0x0000204c       0x64 ./rt-thread/src/kservice.o
                0x0000204c                rt_system_heap_init
 .text.rt_malloc
                0x000020b0       0x48 ./rt-thread/src/kservice.o
                0x000020b0                rt_malloc
 .text.rt_realloc
                0x000020f8       0x34 ./rt-thread/src/kservice.o
                0x000020f8                rt_realloc
 .text.rt_calloc
                0x0000212c       0x3c ./rt-thread/src/kservice.o
                0x0000212c                rt_calloc
 .text.rt_free  0x00002168       0x38 ./rt-thread/src/kservice.o
                0x00002168                rt_free
 .text.rt_memory_info
                0x000021a0       0x2a ./rt-thread/src/kservice.o
                0x000021a0                rt_memory_info
 *fill*         0x000021ca        0x2 ff
 .text.rt_assert_handler
                0x000021cc       0x4c ./rt-thread/src/kservice.o
                0x000021cc                rt_assert_handler
 .text.plug_holes
                0x00002218       0xf8 ./rt-thread/src/mem.o
 .text.rt_smem_init
                0x00002310      0x104 ./rt-thread/src/mem.o
                0x00002310                rt_smem_init
 .text.rt_smem_alloc
                0x00002414      0x268 ./rt-thread/src/mem.o
                0x00002414                rt_smem_alloc
 .text.rt_smem_realloc
                0x0000267c      0x1d4 ./rt-thread/src/mem.o
                0x0000267c                rt_smem_realloc
 .text.rt_smem_free
                0x00002850      0x140 ./rt-thread/src/mem.o
                0x00002850                rt_smem_free
 .text.rt_list_insert_after
                0x00002990       0x32 ./rt-thread/src/object.o
 .text.rt_list_remove
                0x000029c2       0x36 ./rt-thread/src/object.o
 .text.rt_object_get_information
                0x000029f8       0x48 ./rt-thread/src/object.o
                0x000029f8                rt_object_get_information
 .text.rt_object_init
                0x00002a40       0xcc ./rt-thread/src/object.o
                0x00002a40                rt_object_init
 .text.rt_object_detach
                0x00002b0c       0x5c ./rt-thread/src/object.o
                0x00002b0c                rt_object_detach
 .text.rt_object_allocate
                0x00002b68       0xd8 ./rt-thread/src/object.o
                0x00002b68                rt_object_allocate
 .text.rt_object_delete
                0x00002c40       0x7c ./rt-thread/src/object.o
                0x00002c40                rt_object_delete
 .text.rt_object_is_systemobject
                0x00002cbc       0x3c ./rt-thread/src/object.o
                0x00002cbc                rt_object_is_systemobject
 .text.rt_object_get_type
                0x00002cf8       0x34 ./rt-thread/src/object.o
                0x00002cf8                rt_object_get_type
 .text.rt_object_find
                0x00002d2c       0xb4 ./rt-thread/src/object.o
                0x00002d2c                rt_object_find
 .text.rt_list_init
                0x00002de0       0x22 ./rt-thread/src/scheduler.o
 .text.rt_list_insert_before
                0x00002e02       0x32 ./rt-thread/src/scheduler.o
 .text.rt_list_remove
                0x00002e34       0x36 ./rt-thread/src/scheduler.o
 .text.rt_list_isempty
                0x00002e6a       0x24 ./rt-thread/src/scheduler.o
 *fill*         0x00002e8e        0x2 ff
 .text._rt_scheduler_stack_check
                0x00002e90       0x94 ./rt-thread/src/scheduler.o
 .text._scheduler_get_highest_priority_thread
                0x00002f24       0x38 ./rt-thread/src/scheduler.o
 .text.rt_system_scheduler_init
                0x00002f5c       0x38 ./rt-thread/src/scheduler.o
                0x00002f5c                rt_system_scheduler_init
 .text.rt_system_scheduler_start
                0x00002f94       0x38 ./rt-thread/src/scheduler.o
                0x00002f94                rt_system_scheduler_start
 .text.rt_schedule
                0x00002fcc      0x19c ./rt-thread/src/scheduler.o
                0x00002fcc                rt_schedule
 .text.rt_schedule_insert_thread
                0x00003168       0xac ./rt-thread/src/scheduler.o
                0x00003168                rt_schedule_insert_thread
 .text.rt_schedule_remove_thread
                0x00003214       0x70 ./rt-thread/src/scheduler.o
                0x00003214                rt_schedule_remove_thread
 .text.rt_enter_critical
                0x00003284       0x2c ./rt-thread/src/scheduler.o
                0x00003284                rt_enter_critical
 .text.rt_exit_critical
                0x000032b0       0x54 ./rt-thread/src/scheduler.o
                0x000032b0                rt_exit_critical
 .text.rt_critical_level
                0x00003304       0x1c ./rt-thread/src/scheduler.o
                0x00003304                rt_critical_level
 .text.rt_list_init
                0x00003320       0x22 ./rt-thread/src/thread.o
 .text.rt_list_remove
                0x00003342       0x36 ./rt-thread/src/thread.o
 .text._thread_exit
                0x00003378       0x42 ./rt-thread/src/thread.o
 *fill*         0x000033ba        0x2 ff
 .text._thread_timeout
                0x000033bc       0x8c ./rt-thread/src/thread.o
 .text._thread_init
                0x00003448       0xfc ./rt-thread/src/thread.o
 .text.rt_thread_init
                0x00003544       0x70 ./rt-thread/src/thread.o
                0x00003544                rt_thread_init
 .text.rt_thread_self
                0x000035b4       0x18 ./rt-thread/src/thread.o
                0x000035b4                rt_thread_self
 .text.rt_thread_startup
                0x000035cc       0x94 ./rt-thread/src/thread.o
                0x000035cc                rt_thread_startup
 .text.rt_thread_detach
                0x00003660       0xb0 ./rt-thread/src/thread.o
                0x00003660                rt_thread_detach
 .text.rt_thread_create
                0x00003710       0x62 ./rt-thread/src/thread.o
                0x00003710                rt_thread_create
 *fill*         0x00003772        0x2 ff
 .text.rt_thread_delete
                0x00003774       0xb0 ./rt-thread/src/thread.o
                0x00003774                rt_thread_delete
 .text.rt_thread_sleep
                0x00003824       0x94 ./rt-thread/src/thread.o
                0x00003824                rt_thread_sleep
 .text.rt_thread_delay
                0x000038b8       0x18 ./rt-thread/src/thread.o
                0x000038b8                rt_thread_delay
 .text.rt_thread_mdelay
                0x000038d0       0x20 ./rt-thread/src/thread.o
                0x000038d0                rt_thread_mdelay
 .text.rt_thread_control
                0x000038f0       0xfc ./rt-thread/src/thread.o
                0x000038f0                rt_thread_control
 .text.rt_thread_suspend
                0x000039ec       0xc8 ./rt-thread/src/thread.o
                0x000039ec                rt_thread_suspend
 .text.rt_thread_resume
                0x00003ab4       0x98 ./rt-thread/src/thread.o
                0x00003ab4                rt_thread_resume
 .text.rt_list_init
                0x00003b4c       0x22 ./rt-thread/src/timer.o
 .text.rt_list_insert_after
                0x00003b6e       0x32 ./rt-thread/src/timer.o
 .text.rt_list_remove
                0x00003ba0       0x36 ./rt-thread/src/timer.o
 .text.rt_list_isempty
                0x00003bd6       0x24 ./rt-thread/src/timer.o
 .text._timer_init
                0x00003bfa       0x6a ./rt-thread/src/timer.o
 .text._timer_list_next_timeout
                0x00003c64       0x48 ./rt-thread/src/timer.o
 .text._timer_remove
                0x00003cac       0x36 ./rt-thread/src/timer.o
 *fill*         0x00003ce2        0x2 ff
 .text.rt_timer_init
                0x00003ce4       0x7c ./rt-thread/src/timer.o
                0x00003ce4                rt_timer_init
 .text.rt_timer_detach
                0x00003d60       0x90 ./rt-thread/src/timer.o
                0x00003d60                rt_timer_detach
 .text.rt_timer_start
                0x00003df0      0x224 ./rt-thread/src/timer.o
                0x00003df0                rt_timer_start
 .text.rt_timer_stop
                0x00004014       0x94 ./rt-thread/src/timer.o
                0x00004014                rt_timer_stop
 .text.rt_timer_control
                0x000040a8       0xf8 ./rt-thread/src/timer.o
                0x000040a8                rt_timer_control
 .text.rt_timer_check
                0x000041a0      0x108 ./rt-thread/src/timer.o
                0x000041a0                rt_timer_check
 .text.rt_soft_timer_check
                0x000042a8      0x11c ./rt-thread/src/timer.o
                0x000042a8                rt_soft_timer_check
 .text._timer_thread_entry
                0x000043c4       0x5c ./rt-thread/src/timer.o
 .text.rt_system_timer_init
                0x00004420       0x34 ./rt-thread/src/timer.o
                0x00004420                rt_system_timer_init
 .text.rt_system_timer_thread_init
                0x00004454       0x68 ./rt-thread/src/timer.o
                0x00004454                rt_system_timer_thread_init
 .text          0x000044bc      0x13c ./rt-thread/libcpu/arm/cortex-m4/context_gcc.o
                0x000044bc                rt_hw_interrupt_disable
                0x000044c4                rt_hw_interrupt_enable
                0x000044ca                rt_hw_context_switch_interrupt
                0x000044ca                rt_hw_context_switch
                0x000044ea                PendSV_Handler
                0x00004556                rt_hw_context_switch_to
                0x0000459c                rt_hw_interrupt_thread_switch
                0x000045a0                HardFault_Handler
 .text.rt_hw_stack_init
                0x000045f8       0x90 ./rt-thread/libcpu/arm/cortex-m4/cpuport.o
                0x000045f8                rt_hw_stack_init
 .text.usage_fault_track
                0x00004688       0xc4 ./rt-thread/libcpu/arm/cortex-m4/cpuport.o
 .text.bus_fault_track
                0x0000474c       0xcc ./rt-thread/libcpu/arm/cortex-m4/cpuport.o
 .text.mem_manage_fault_track
                0x00004818       0xb4 ./rt-thread/libcpu/arm/cortex-m4/cpuport.o
 .text.hard_fault_track
                0x000048cc       0x78 ./rt-thread/libcpu/arm/cortex-m4/cpuport.o
 .text.rt_hw_hard_fault_exception
                0x00004944      0x184 ./rt-thread/libcpu/arm/cortex-m4/cpuport.o
                0x00004944                rt_hw_hard_fault_exception
 .text.__rt_ffs
                0x00004ac8       0x2a ./rt-thread/libcpu/arm/cortex-m4/cpuport.o
                0x00004ac8                __rt_ffs
 .text._malloc_r
                0x00004af2       0x28 ./rt-thread/components/libc/compilers/newlib/syscalls.o
                0x00004af2                _malloc_r
 .text._realloc_r
                0x00004b1a       0x2c ./rt-thread/components/libc/compilers/newlib/syscalls.o
                0x00004b1a                _realloc_r
 .text._calloc_r
                0x00004b46       0x2c ./rt-thread/components/libc/compilers/newlib/syscalls.o
                0x00004b46                _calloc_r
 .text._free_r  0x00004b72       0x18 ./rt-thread/components/libc/compilers/newlib/syscalls.o
                0x00004b72                _free_r
 .text.rt_list_isempty
                0x00004b8a       0x24 ./rt-thread/components/finsh/cmd.o
 .text.rt_list_len
                0x00004bae       0x36 ./rt-thread/components/finsh/cmd.o
 .text.clear    0x00004be4       0x14 ./rt-thread/components/finsh/cmd.o
 .text.version  0x00004bf8        0xe ./rt-thread/components/finsh/cmd.o
                0x00004bf8                version
 *fill*         0x00004c06        0x2 ff
 .text.object_split
                0x00004c08       0x28 ./rt-thread/components/finsh/cmd.o
 .text.list_find_init
                0x00004c30       0x46 ./rt-thread/components/finsh/cmd.o
 .text.list_get_next
                0x00004c76       0xc6 ./rt-thread/components/finsh/cmd.o
 .text.list_thread
                0x00004d3c      0x208 ./rt-thread/components/finsh/cmd.o
                0x00004d3c                list_thread
 .text.show_wait_queue
                0x00004f44       0x54 ./rt-thread/components/finsh/cmd.o
 .text.list_sem
                0x00004f98      0x12c ./rt-thread/components/finsh/cmd.o
                0x00004f98                list_sem
 .text.list_event
                0x000050c4      0x118 ./rt-thread/components/finsh/cmd.o
                0x000050c4                list_event
 .text.list_mutex
                0x000051dc       0xe8 ./rt-thread/components/finsh/cmd.o
                0x000051dc                list_mutex
 .text.list_mailbox
                0x000052c4      0x13c ./rt-thread/components/finsh/cmd.o
                0x000052c4                list_mailbox
 .text.list_msgqueue
                0x00005400      0x12c ./rt-thread/components/finsh/cmd.o
                0x00005400                list_msgqueue
 .text.list_timer
                0x0000552c      0x128 ./rt-thread/components/finsh/cmd.o
                0x0000552c                list_timer
 .text.list_device
                0x00005654       0xf0 ./rt-thread/components/finsh/cmd.o
                0x00005654                list_device
 .text.msh_help
                0x00005744       0x5c ./rt-thread/components/finsh/msh.o
                0x00005744                msh_help
 .text.cmd_ps   0x000057a0       0x18 ./rt-thread/components/finsh/msh.o
                0x000057a0                cmd_ps
 .text.cmd_free
                0x000057b8       0x5c ./rt-thread/components/finsh/msh.o
                0x000057b8                cmd_free
 .text.msh_split
                0x00005814      0x170 ./rt-thread/components/finsh/msh.o
 .text.msh_get_cmd
                0x00005984       0x64 ./rt-thread/components/finsh/msh.o
 .text._msh_exec_cmd
                0x000059e8       0xd4 ./rt-thread/components/finsh/msh.o
 .text.msh_exec
                0x00005abc       0x8c ./rt-thread/components/finsh/msh.o
                0x00005abc                msh_exec
 .text.str_common
                0x00005b48       0x4a ./rt-thread/components/finsh/msh.o
 *fill*         0x00005b92        0x2 ff
 .text.msh_auto_complete
                0x00005b94       0xb0 ./rt-thread/components/finsh/msh.o
                0x00005b94                msh_auto_complete
 .text.finsh_get_prompt
                0x00005c44       0x7c ./rt-thread/components/finsh/shell.o
                0x00005c44                finsh_get_prompt
 .text.finsh_set_prompt_mode
                0x00005cc0       0x48 ./rt-thread/components/finsh/shell.o
                0x00005cc0                finsh_set_prompt_mode
 .text.finsh_getchar
                0x00005d08       0x90 ./rt-thread/components/finsh/shell.o
                0x00005d08                finsh_getchar
 .text.finsh_rx_ind
                0x00005d98       0x3c ./rt-thread/components/finsh/shell.o
 .text.finsh_set_device
                0x00005dd4       0xd8 ./rt-thread/components/finsh/shell.o
                0x00005dd4                finsh_set_device
 .text.shell_auto_complete
                0x00005eac       0x34 ./rt-thread/components/finsh/shell.o
 .text.shell_handle_history
                0x00005ee0       0x34 ./rt-thread/components/finsh/shell.o
 .text.shell_push_history
                0x00005f14      0x15e ./rt-thread/components/finsh/shell.o
 *fill*         0x00006072        0x2 ff
 .text.finsh_thread_entry
                0x00006074      0x5cc ./rt-thread/components/finsh/shell.o
                0x00006074                finsh_thread_entry
 .text.finsh_system_function_init
                0x00006640       0x2c ./rt-thread/components/finsh/shell.o
                0x00006640                finsh_system_function_init
 .text.finsh_system_init
                0x0000666c       0x9c ./rt-thread/components/finsh/shell.o
                0x0000666c                finsh_system_init
 .text.rt_serial_get_linear_buffer
                0x00006708       0x8c ./rt-thread/components/drivers/serial/serial_v2.o
 .text.rt_serial_update_read_index
                0x00006794       0xcc ./rt-thread/components/drivers/serial/serial_v2.o
 .text.rt_serial_update_write_index
                0x00006860       0xe8 ./rt-thread/components/drivers/serial/serial_v2.o
 .text._serial_poll_rx
                0x00006948       0xa4 ./rt-thread/components/drivers/serial/serial_v2.o
                0x00006948                _serial_poll_rx
 .text._serial_poll_tx
                0x000069ec       0x9c ./rt-thread/components/drivers/serial/serial_v2.o
                0x000069ec                _serial_poll_tx
 .text._serial_fifo_rx
                0x00006a88       0xf4 ./rt-thread/components/drivers/serial/serial_v2.o
 .text._serial_fifo_tx_blocking_nbuf
                0x00006b7c       0xb0 ./rt-thread/components/drivers/serial/serial_v2.o
 .text._serial_fifo_tx_blocking_buf
                0x00006c2c      0x118 ./rt-thread/components/drivers/serial/serial_v2.o
 .text._serial_fifo_tx_nonblocking
                0x00006d44       0xd4 ./rt-thread/components/drivers/serial/serial_v2.o
 .text.rt_serial_tx_enable
                0x00006e18      0x1e8 ./rt-thread/components/drivers/serial/serial_v2.o
 .text.rt_serial_rx_enable
                0x00007000      0x15c ./rt-thread/components/drivers/serial/serial_v2.o
 .text.rt_serial_rx_disable
                0x0000715c       0xb4 ./rt-thread/components/drivers/serial/serial_v2.o
 .text.rt_serial_tx_disable
                0x00007210       0xc0 ./rt-thread/components/drivers/serial/serial_v2.o
 .text.rt_serial_init
                0x000072d0       0x5c ./rt-thread/components/drivers/serial/serial_v2.o
 .text.rt_serial_open
                0x0000732c       0xf4 ./rt-thread/components/drivers/serial/serial_v2.o
 .text.rt_serial_close
                0x00007420       0x90 ./rt-thread/components/drivers/serial/serial_v2.o
 .text.rt_serial_control
                0x000074b0       0xb8 ./rt-thread/components/drivers/serial/serial_v2.o
 .text.rt_hw_serial_register
                0x00007568       0x94 ./rt-thread/components/drivers/serial/serial_v2.o
                0x00007568                rt_hw_serial_register
 .text.rt_hw_serial_isr
                0x000075fc      0x210 ./rt-thread/components/drivers/serial/serial_v2.o
                0x000075fc                rt_hw_serial_isr
 .text._pin_read
                0x0000780c       0x60 ./rt-thread/components/drivers/misc/pin.o
 .text._pin_write
                0x0000786c       0x5c ./rt-thread/components/drivers/misc/pin.o
 .text._pin_control
                0x000078c8       0x58 ./rt-thread/components/drivers/misc/pin.o
 .text.rt_device_pin_register
                0x00007920       0x74 ./rt-thread/components/drivers/misc/pin.o
                0x00007920                rt_device_pin_register
 .text.rt_pin_attach_irq
                0x00007994       0x5c ./rt-thread/components/drivers/misc/pin.o
                0x00007994                rt_pin_attach_irq
 .text.rt_pin_irq_enable
                0x000079f0       0x50 ./rt-thread/components/drivers/misc/pin.o
                0x000079f0                rt_pin_irq_enable
 .text.rt_pin_mode
                0x00007a40       0x40 ./rt-thread/components/drivers/misc/pin.o
                0x00007a40                rt_pin_mode
 .text.rt_pin_write
                0x00007a80       0x40 ./rt-thread/components/drivers/misc/pin.o
                0x00007a80                rt_pin_write
 .text.rt_pin_read
                0x00007ac0       0x3c ./rt-thread/components/drivers/misc/pin.o
                0x00007ac0                rt_pin_read
 .text.rt_pin_get
                0x00007afc       0x60 ./rt-thread/components/drivers/misc/pin.o
                0x00007afc                rt_pin_get
 .text.rt_list_init
                0x00007b5c       0x22 ./rt-thread/components/drivers/ipc/completion.o
 .text.rt_list_insert_before
                0x00007b7e       0x32 ./rt-thread/components/drivers/ipc/completion.o
 .text.rt_list_isempty
                0x00007bb0       0x24 ./rt-thread/components/drivers/ipc/completion.o
 .text.rt_completion_init
                0x00007bd4       0x44 ./rt-thread/components/drivers/ipc/completion.o
                0x00007bd4                rt_completion_init
 .text.rt_completion_wait
                0x00007c18      0x15c ./rt-thread/components/drivers/ipc/completion.o
                0x00007c18                rt_completion_wait
 .text.rt_completion_done
                0x00007d74       0x70 ./rt-thread/components/drivers/ipc/completion.o
                0x00007d74                rt_completion_done
 .text.rt_ringbuffer_status
                0x00007de4       0x4e ./rt-thread/components/drivers/ipc/ringbuffer.o
 *fill*         0x00007e32        0x2 ff
 .text.rt_ringbuffer_init
                0x00007e34       0xa0 ./rt-thread/components/drivers/ipc/ringbuffer.o
                0x00007e34                rt_ringbuffer_init
 .text.rt_ringbuffer_put
                0x00007ed4      0x16c ./rt-thread/components/drivers/ipc/ringbuffer.o
                0x00007ed4                rt_ringbuffer_put
 .text.rt_ringbuffer_get
                0x00008040      0x15c ./rt-thread/components/drivers/ipc/ringbuffer.o
                0x00008040                rt_ringbuffer_get
 .text.rt_ringbuffer_putchar
                0x0000819c       0xbc ./rt-thread/components/drivers/ipc/ringbuffer.o
                0x0000819c                rt_ringbuffer_putchar
 .text.rt_ringbuffer_data_len
                0x00008258       0x66 ./rt-thread/components/drivers/ipc/ringbuffer.o
                0x00008258                rt_ringbuffer_data_len
 .text.i2c_delay
                0x000082be       0x20 ./rt-thread/components/drivers/i2c/i2c-bit-ops.o
 .text.i2c_delay2
                0x000082de       0x1c ./rt-thread/components/drivers/i2c/i2c-bit-ops.o
 .text.SCL_H    0x000082fa       0x72 ./rt-thread/components/drivers/i2c/i2c-bit-ops.o
 .text.i2c_start
                0x0000836c       0x32 ./rt-thread/components/drivers/i2c/i2c-bit-ops.o
 .text.i2c_restart
                0x0000839e       0x4c ./rt-thread/components/drivers/i2c/i2c-bit-ops.o
 .text.i2c_stop
                0x000083ea       0x44 ./rt-thread/components/drivers/i2c/i2c-bit-ops.o
 *fill*         0x0000842e        0x2 ff
 .text.i2c_waitack
                0x00008430       0x80 ./rt-thread/components/drivers/i2c/i2c-bit-ops.o
 .text.i2c_writeb
                0x000084b0       0x8c ./rt-thread/components/drivers/i2c/i2c-bit-ops.o
 .text.i2c_readb
                0x0000853c       0x88 ./rt-thread/components/drivers/i2c/i2c-bit-ops.o
 .text.i2c_send_bytes
                0x000085c4       0x98 ./rt-thread/components/drivers/i2c/i2c-bit-ops.o
 .text.i2c_send_ack_or_nack
                0x0000865c       0x74 ./rt-thread/components/drivers/i2c/i2c-bit-ops.o
 .text.i2c_recv_bytes
                0x000086d0       0x7c ./rt-thread/components/drivers/i2c/i2c-bit-ops.o
 .text.i2c_send_address
                0x0000874c       0x62 ./rt-thread/components/drivers/i2c/i2c-bit-ops.o
 *fill*         0x000087ae        0x2 ff
 .text.i2c_bit_send_address
                0x000087b0      0x164 ./rt-thread/components/drivers/i2c/i2c-bit-ops.o
 .text.i2c_bit_xfer
                0x00008914      0x106 ./rt-thread/components/drivers/i2c/i2c-bit-ops.o
 *fill*         0x00008a1a        0x2 ff
 .text.rt_i2c_bit_add_bus
                0x00008a1c       0x28 ./rt-thread/components/drivers/i2c/i2c-bit-ops.o
                0x00008a1c                rt_i2c_bit_add_bus
 .text.rt_i2c_bus_device_register
                0x00008a44       0x64 ./rt-thread/components/drivers/i2c/i2c_core.o
                0x00008a44                rt_i2c_bus_device_register
 .text.rt_i2c_transfer
                0x00008aa8       0x6c ./rt-thread/components/drivers/i2c/i2c_core.o
                0x00008aa8                rt_i2c_transfer
 .text.rt_i2c_control
                0x00008b14       0x54 ./rt-thread/components/drivers/i2c/i2c_core.o
                0x00008b14                rt_i2c_control
 .text.rt_i2c_master_send
                0x00008b68       0x4a ./rt-thread/components/drivers/i2c/i2c_core.o
                0x00008b68                rt_i2c_master_send
 *fill*         0x00008bb2        0x2 ff
 .text.rt_i2c_master_recv
                0x00008bb4       0x68 ./rt-thread/components/drivers/i2c/i2c_core.o
                0x00008bb4                rt_i2c_master_recv
 .text.rt_i2c_core_init
                0x00008c1c       0x10 ./rt-thread/components/drivers/i2c/i2c_core.o
                0x00008c1c                rt_i2c_core_init
 .text.i2c_bus_device_read
                0x00008c2c       0x64 ./rt-thread/components/drivers/i2c/i2c_dev.o
 .text.i2c_bus_device_write
                0x00008c90       0x64 ./rt-thread/components/drivers/i2c/i2c_dev.o
 .text.i2c_bus_device_control
                0x00008cf4       0xc4 ./rt-thread/components/drivers/i2c/i2c_dev.o
 .text.rt_i2c_bus_device_device_init
                0x00008db8       0x78 ./rt-thread/components/drivers/i2c/i2c_dev.o
                0x00008db8                rt_i2c_bus_device_device_init
 .text.main     0x00008e30        0xe ./ra_gen/main.o
                0x00008e30                main
 .text.R_FSP_CurrentIrqGet
                0x00008e3e       0x2c ./ra/fsp/src/r_sci_uart/r_sci_uart.o
 *fill*         0x00008e6a        0x2 ff
 .text.R_FSP_IsrContextSet
                0x00008e6c       0x28 ./ra/fsp/src/r_sci_uart/r_sci_uart.o
 .text.R_BSP_IrqStatusClear
                0x00008e94       0x30 ./ra/fsp/src/r_sci_uart/r_sci_uart.o
 .text.R_BSP_IrqClearPending
                0x00008ec4       0x40 ./ra/fsp/src/r_sci_uart/r_sci_uart.o
 .text.R_BSP_IrqCfg
                0x00008f04       0x3c ./ra/fsp/src/r_sci_uart/r_sci_uart.o
 .text.R_BSP_IrqEnableNoClear
                0x00008f40       0x38 ./ra/fsp/src/r_sci_uart/r_sci_uart.o
 .text.R_BSP_IrqEnable
                0x00008f78       0x26 ./ra/fsp/src/r_sci_uart/r_sci_uart.o
 *fill*         0x00008f9e        0x2 ff
 .text.R_BSP_IrqDisable
                0x00008fa0       0x48 ./ra/fsp/src/r_sci_uart/r_sci_uart.o
 .text.R_FSP_IsrContextGet
                0x00008fe8       0x24 ./ra/fsp/src/r_sci_uart/r_sci_uart.o
 .text.R_SCI_UART_Open
                0x0000900c      0x1ac ./ra/fsp/src/r_sci_uart/r_sci_uart.o
                0x0000900c                R_SCI_UART_Open
 .text.r_sci_uart_config_set
                0x000091b8      0x120 ./ra/fsp/src/r_sci_uart/r_sci_uart.o
 .text.r_sci_irq_cfg
                0x000092d8       0x3a ./ra/fsp/src/r_sci_uart/r_sci_uart.o
 .text.r_sci_irqs_cfg
                0x00009312       0x5a ./ra/fsp/src/r_sci_uart/r_sci_uart.o
 .text.r_sci_uart_baud_set
                0x0000936c       0x58 ./ra/fsp/src/r_sci_uart/r_sci_uart.o
 .text.r_sci_uart_call_callback
                0x000093c4       0x76 ./ra/fsp/src/r_sci_uart/r_sci_uart.o
 .text.sci_uart_txi_isr
                0x0000943a       0xd0 ./ra/fsp/src/r_sci_uart/r_sci_uart.o
                0x0000943a                sci_uart_txi_isr
 .text.sci_uart_rxi_isr
                0x0000950a       0xbc ./ra/fsp/src/r_sci_uart/r_sci_uart.o
                0x0000950a                sci_uart_rxi_isr
 .text.sci_uart_tei_isr
                0x000095c6       0x4a ./ra/fsp/src/r_sci_uart/r_sci_uart.o
                0x000095c6                sci_uart_tei_isr
 .text.sci_uart_eri_isr
                0x00009610       0xa8 ./ra/fsp/src/r_sci_uart/r_sci_uart.o
                0x00009610                sci_uart_eri_isr
 .text.R_BSP_PinRead
                0x000096b8       0x38 ./ra/fsp/src/r_ioport/r_ioport.o
 .text.R_BSP_PinAccessEnable
                0x000096f0       0x60 ./ra/fsp/src/r_ioport/r_ioport.o
 .text.R_BSP_PinAccessDisable
                0x00009750       0x68 ./ra/fsp/src/r_ioport/r_ioport.o
 .text.R_IOPORT_Open
                0x000097b8       0x28 ./ra/fsp/src/r_ioport/r_ioport.o
                0x000097b8                R_IOPORT_Open
 .text.R_IOPORT_Close
                0x000097e0       0x20 ./ra/fsp/src/r_ioport/r_ioport.o
                0x000097e0                R_IOPORT_Close
 .text.R_IOPORT_PinsCfg
                0x00009800       0x1a ./ra/fsp/src/r_ioport/r_ioport.o
                0x00009800                R_IOPORT_PinsCfg
 .text.R_IOPORT_PinCfg
                0x0000981a       0x46 ./ra/fsp/src/r_ioport/r_ioport.o
                0x0000981a                R_IOPORT_PinCfg
 .text.R_IOPORT_PinRead
                0x00009860       0x28 ./ra/fsp/src/r_ioport/r_ioport.o
                0x00009860                R_IOPORT_PinRead
 .text.R_IOPORT_PortRead
                0x00009888       0x3a ./ra/fsp/src/r_ioport/r_ioport.o
                0x00009888                R_IOPORT_PortRead
 .text.R_IOPORT_PortWrite
                0x000098c2       0x62 ./ra/fsp/src/r_ioport/r_ioport.o
                0x000098c2                R_IOPORT_PortWrite
 .text.R_IOPORT_PinWrite
                0x00009924       0x6e ./ra/fsp/src/r_ioport/r_ioport.o
                0x00009924                R_IOPORT_PinWrite
 .text.R_IOPORT_PortDirectionSet
                0x00009992       0x72 ./ra/fsp/src/r_ioport/r_ioport.o
                0x00009992                R_IOPORT_PortDirectionSet
 .text.R_IOPORT_PortEventInputRead
                0x00009a04       0x3e ./ra/fsp/src/r_ioport/r_ioport.o
                0x00009a04                R_IOPORT_PortEventInputRead
 .text.R_IOPORT_PinEventInputRead
                0x00009a42       0x62 ./ra/fsp/src/r_ioport/r_ioport.o
                0x00009a42                R_IOPORT_PinEventInputRead
 .text.R_IOPORT_PortEventOutputWrite
                0x00009aa4       0x62 ./ra/fsp/src/r_ioport/r_ioport.o
                0x00009aa4                R_IOPORT_PortEventOutputWrite
 .text.R_IOPORT_PinEventOutputWrite
                0x00009b06       0x5e ./ra/fsp/src/r_ioport/r_ioport.o
                0x00009b06                R_IOPORT_PinEventOutputWrite
 .text.R_IOPORT_EthernetModeCfg
                0x00009b64       0x28 ./ra/fsp/src/r_ioport/r_ioport.o
                0x00009b64                R_IOPORT_EthernetModeCfg
 .text.r_ioport_pins_config
                0x00009b8c       0x56 ./ra/fsp/src/r_ioport/r_ioport.o
 .text.r_ioport_hw_pin_event_output_data_write
                0x00009be2       0x88 ./ra/fsp/src/r_ioport/r_ioport.o
 *fill*         0x00009c6a        0x2 ff
 .text.r_ioport_pfs_write
                0x00009c6c       0x78 ./ra/fsp/src/r_ioport/r_ioport.o
 .text.bsp_vbatt_init
                0x00009ce4       0xd8 ./ra/fsp/src/r_ioport/r_ioport.o
 .text.R_FSP_CurrentIrqGet
                0x00009dbc       0x2c ./ra/fsp/src/r_icu/r_icu.o
 .text.R_FSP_IsrContextSet
                0x00009de8       0x28 ./ra/fsp/src/r_icu/r_icu.o
 .text.R_BSP_IrqStatusClear
                0x00009e10       0x30 ./ra/fsp/src/r_icu/r_icu.o
 .text.R_BSP_IrqClearPending
                0x00009e40       0x40 ./ra/fsp/src/r_icu/r_icu.o
 .text.R_BSP_IrqCfg
                0x00009e80       0x3c ./ra/fsp/src/r_icu/r_icu.o
 .text.R_BSP_IrqEnableNoClear
                0x00009ebc       0x38 ./ra/fsp/src/r_icu/r_icu.o
 .text.R_BSP_IrqEnable
                0x00009ef4       0x26 ./ra/fsp/src/r_icu/r_icu.o
 *fill*         0x00009f1a        0x2 ff
 .text.R_BSP_IrqDisable
                0x00009f1c       0x48 ./ra/fsp/src/r_icu/r_icu.o
 .text.R_FSP_IsrContextGet
                0x00009f64       0x24 ./ra/fsp/src/r_icu/r_icu.o
 .text.R_ICU_ExternalIrqOpen
                0x00009f88       0xcc ./ra/fsp/src/r_icu/r_icu.o
                0x00009f88                R_ICU_ExternalIrqOpen
 .text.R_ICU_ExternalIrqEnable
                0x0000a054       0x22 ./ra/fsp/src/r_icu/r_icu.o
                0x0000a054                R_ICU_ExternalIrqEnable
 .text.R_ICU_ExternalIrqDisable
                0x0000a076       0x22 ./ra/fsp/src/r_icu/r_icu.o
                0x0000a076                R_ICU_ExternalIrqDisable
 .text.R_ICU_ExternalIrqClose
                0x0000a098       0x40 ./ra/fsp/src/r_icu/r_icu.o
                0x0000a098                R_ICU_ExternalIrqClose
 .text.r_icu_isr
                0x0000a0d8       0x80 ./ra/fsp/src/r_icu/r_icu.o
                0x0000a0d8                r_icu_isr
 .text.R_BSP_FlashCacheEnable
                0x0000a158       0x40 ./ra/fsp/src/bsp/mcu/all/bsp_clocks.o
 .text.SystemCoreClockUpdate
                0x0000a198       0x40 ./ra/fsp/src/bsp/mcu/all/bsp_clocks.o
                0x0000a198                SystemCoreClockUpdate
 .text.bsp_prv_clock_set_hard_reset
                0x0000a1d8       0x30 ./ra/fsp/src/bsp/mcu/all/bsp_clocks.o
 .text.bsp_clock_freq_var_init
                0x0000a208       0x48 ./ra/fsp/src/bsp/mcu/all/bsp_clocks.o
 .text.bsp_clock_init
                0x0000a250       0xa4 ./ra/fsp/src/bsp/mcu/all/bsp_clocks.o
                0x0000a250                bsp_clock_init
 .text.bsp_init_internal
                0x0000a2f4       0x14 ./ra/fsp/src/bsp/mcu/all/bsp_common.o
                0x0000a2f4                bsp_init_internal
                0x0000a2f4                bsp_init
 .text.__assert_func
                0x0000a308       0x12 ./ra/fsp/src/bsp/mcu/all/bsp_common.o
                0x0000a308                __assert_func
 *fill*         0x0000a31a        0x2 ff
 .text.bsp_group_irq_call
                0x0000a31c       0x30 ./ra/fsp/src/bsp/mcu/all/bsp_group_irq.o
 .text.NMI_Handler
                0x0000a34c       0x4c ./ra/fsp/src/bsp/mcu/all/bsp_group_irq.o
                0x0000a34c                NMI_Handler
 .text.bsp_irq_cfg
                0x0000a398      0x104 ./ra/fsp/src/bsp/mcu/all/bsp_irq.o
                0x0000a398                bsp_irq_cfg
 .text.R_BSP_RegisterProtectEnable
                0x0000a49c       0xa0 ./ra/fsp/src/bsp/mcu/all/bsp_register_protection.o
                0x0000a49c                R_BSP_RegisterProtectEnable
 .text.R_BSP_RegisterProtectDisable
                0x0000a53c       0x90 ./ra/fsp/src/bsp/mcu/all/bsp_register_protection.o
                0x0000a53c                R_BSP_RegisterProtectDisable
 .text.Reset_Handler
                0x0000a5cc        0xe ./ra/fsp/src/bsp/cmsis/Device/RENESAS/Source/startup.o
                0x0000a5cc                Reset_Handler
 .text.Default_Handler
                0x0000a5da       0x10 ./ra/fsp/src/bsp/cmsis/Device/RENESAS/Source/startup.o
                0x0000a5da                UsageFault_Handler
                0x0000a5da                SecureFault_Handler
                0x0000a5da                Default_Handler
                0x0000a5da                MemManage_Handler
                0x0000a5da                SVC_Handler
                0x0000a5da                BusFault_Handler
                0x0000a5da                DebugMon_Handler
 *fill*         0x0000a5ea        0x2 ff
 .text.SystemInit
                0x0000a5ec       0xf0 ./ra/fsp/src/bsp/cmsis/Device/RENESAS/Source/system.o
                0x0000a5ec                SystemInit
 .text.ssd1306_Reset
                0x0000a6dc        0xe ./packages/ssd1306-latest/src/ssd1306.o
                0x0000a6dc                ssd1306_Reset
 *fill*         0x0000a6ea        0x2 ff
 .text.ssd1306_WriteCommand
                0x0000a6ec       0x34 ./packages/ssd1306-latest/src/ssd1306.o
                0x0000a6ec                ssd1306_WriteCommand
 .text.ssd1306_WriteData
                0x0000a720       0x50 ./packages/ssd1306-latest/src/ssd1306.o
                0x0000a720                ssd1306_WriteData
 .text.ssd1306_Init
                0x0000a770      0x110 ./packages/ssd1306-latest/src/ssd1306.o
                0x0000a770                ssd1306_Init
 .text.ssd1306_Fill
                0x0000a880       0x48 ./packages/ssd1306-latest/src/ssd1306.o
                0x0000a880                ssd1306_Fill
 .text.ssd1306_UpdateScreen
                0x0000a8c8       0x50 ./packages/ssd1306-latest/src/ssd1306.o
                0x0000a8c8                ssd1306_UpdateScreen
 .text.ssd1306_DrawPixel
                0x0000a918       0xc0 ./packages/ssd1306-latest/src/ssd1306.o
                0x0000a918                ssd1306_DrawPixel
 .text.ssd1306_WriteChar
                0x0000a9d8      0x110 ./packages/ssd1306-latest/src/ssd1306.o
                0x0000a9d8                ssd1306_WriteChar
 .text.ssd1306_WriteString
                0x0000aae8       0x4c ./packages/ssd1306-latest/src/ssd1306.o
                0x0000aae8                ssd1306_WriteString
 .text.ssd1306_SetCursor
                0x0000ab34       0x30 ./packages/ssd1306-latest/src/ssd1306.o
                0x0000ab34                ssd1306_SetCursor
 .text.ssd1306_Line
                0x0000ab64       0xd8 ./packages/ssd1306-latest/src/ssd1306.o
                0x0000ab64                ssd1306_Line
 .text.ssd1306_Polyline
                0x0000ac3c       0x74 ./packages/ssd1306-latest/src/ssd1306.o
                0x0000ac3c                ssd1306_Polyline
 .text.ssd1306_DegToRad
                0x0000acb0       0x54 ./packages/ssd1306-latest/src/ssd1306.o
 .text.ssd1306_NormalizeTo0_360
                0x0000ad04       0x54 ./packages/ssd1306-latest/src/ssd1306.o
 .text.ssd1306_DrawArc
                0x0000ad58      0x218 ./packages/ssd1306-latest/src/ssd1306.o
                0x0000ad58                ssd1306_DrawArc
 .text.ssd1306_DrawCircle
                0x0000af70      0x10e ./packages/ssd1306-latest/src/ssd1306.o
                0x0000af70                ssd1306_DrawCircle
 .text.ssd1306_DrawRectangle
                0x0000b07e       0x6e ./packages/ssd1306-latest/src/ssd1306.o
                0x0000b07e                ssd1306_DrawRectangle
 .text.ssd1306_SetContrast
                0x0000b0ec       0x26 ./packages/ssd1306-latest/src/ssd1306.o
                0x0000b0ec                ssd1306_SetContrast
 *fill*         0x0000b112        0x2 ff
 .text.ssd1306_SetDisplayOn
                0x0000b114       0x3c ./packages/ssd1306-latest/src/ssd1306.o
                0x0000b114                ssd1306_SetDisplayOn
 .text.ssd1306_TestBorder
                0x0000b150       0xa4 ./packages/ssd1306-latest/examples/ssd1306_tests.o
                0x0000b150                ssd1306_TestBorder
 .text.ssd1306_TestFonts
                0x0000b1f4       0x84 ./packages/ssd1306-latest/examples/ssd1306_tests.o
                0x0000b1f4                ssd1306_TestFonts
 .text.ssd1306_TestFPS
                0x0000b278      0x128 ./packages/ssd1306-latest/examples/ssd1306_tests.o
                0x0000b278                ssd1306_TestFPS
 .text.ssd1306_TestLine
                0x0000b3a0       0x30 ./packages/ssd1306-latest/examples/ssd1306_tests.o
                0x0000b3a0                ssd1306_TestLine
 .text.ssd1306_TestRectangle
                0x0000b3d0       0x70 ./packages/ssd1306-latest/examples/ssd1306_tests.o
                0x0000b3d0                ssd1306_TestRectangle
 .text.ssd1306_TestCircle
                0x0000b440       0x40 ./packages/ssd1306-latest/examples/ssd1306_tests.o
                0x0000b440                ssd1306_TestCircle
 .text.ssd1306_TestArc
                0x0000b480       0x26 ./packages/ssd1306-latest/examples/ssd1306_tests.o
                0x0000b480                ssd1306_TestArc
 *fill*         0x0000b4a6        0x2 ff
 .text.ssd1306_TestPolyline
                0x0000b4a8       0x2c ./packages/ssd1306-latest/examples/ssd1306_tests.o
                0x0000b4a8                ssd1306_TestPolyline
 .text.ssd1306_TestAll
                0x0000b4d4       0x74 ./packages/ssd1306-latest/examples/ssd1306_tests.o
                0x0000b4d4                ssd1306_TestAll
 .text.__NVIC_SetPriority
                0x0000b548       0x54 ./libraries/HAL_Drivers/drv_common.o
 .text.__NVIC_SystemReset
                0x0000b59c       0x2c ./libraries/HAL_Drivers/drv_common.o
 .text.SysTick_Config
                0x0000b5c8       0x44 ./libraries/HAL_Drivers/drv_common.o
 .text.reboot   0x0000b60c       0x10 ./libraries/HAL_Drivers/drv_common.o
 .text.rt_hw_systick_init
                0x0000b61c       0x2c ./libraries/HAL_Drivers/drv_common.o
                0x0000b61c                rt_hw_systick_init
 .text.SysTick_Handler
                0x0000b648       0x14 ./libraries/HAL_Drivers/drv_common.o
                0x0000b648                SysTick_Handler
 .text.rt_hw_board_init
                0x0000b65c       0x34 ./libraries/HAL_Drivers/drv_common.o
                0x0000b65c                rt_hw_board_init
 .text.R_BSP_WarmStart
                0x0000b690       0x2c ./libraries/HAL_Drivers/drv_common.o
                0x0000b690                R_BSP_WarmStart
 .text.R_BSP_PinRead
                0x0000b6bc       0x38 ./libraries/HAL_Drivers/drv_gpio.o
 .text.R_BSP_PinWrite
                0x0000b6f4       0x68 ./libraries/HAL_Drivers/drv_gpio.o
 .text.R_BSP_PinAccessEnable
                0x0000b75c       0x60 ./libraries/HAL_Drivers/drv_gpio.o
 .text.R_BSP_PinAccessDisable
                0x0000b7bc       0x68 ./libraries/HAL_Drivers/drv_gpio.o
 .text.ra_pin_get_irqx
                0x0000b824      0x280 ./libraries/HAL_Drivers/drv_gpio.o
 .text.ra_irq_tab_init
                0x0000baa4       0x7c ./libraries/HAL_Drivers/drv_gpio.o
 .text.ra_pin_map_init
                0x0000bb20       0x28 ./libraries/HAL_Drivers/drv_gpio.o
 .text.ra_pin_mode
                0x0000bb48       0xf8 ./libraries/HAL_Drivers/drv_gpio.o
 .text.ra_pin_write
                0x0000bc40       0x3a ./libraries/HAL_Drivers/drv_gpio.o
 *fill*         0x0000bc7a        0x2 ff
 .text.ra_pin_read
                0x0000bc7c       0x50 ./libraries/HAL_Drivers/drv_gpio.o
 .text.ra_pin_irq_enable
                0x0000bccc      0x120 ./libraries/HAL_Drivers/drv_gpio.o
 .text.ra_pin_attach_irq
                0x0000bdec      0x12c ./libraries/HAL_Drivers/drv_gpio.o
 .text.ra_pin_dettach_irq
                0x0000bf18       0xb4 ./libraries/HAL_Drivers/drv_gpio.o
 .text.ra_pin_get
                0x0000bfcc       0xce ./libraries/HAL_Drivers/drv_gpio.o
 *fill*         0x0000c09a        0x2 ff
 .text.rt_hw_pin_init
                0x0000c09c       0x24 ./libraries/HAL_Drivers/drv_gpio.o
                0x0000c09c                rt_hw_pin_init
 .text.irq0_callback
                0x0000c0c0       0x34 ./libraries/HAL_Drivers/drv_gpio.o
                0x0000c0c0                irq0_callback
 .text.ra_i2c_gpio_init
                0x0000c0f4       0x46 ./libraries/HAL_Drivers/drv_soft_i2c.o
 .text.ra_set_sda
                0x0000c13a       0x36 ./libraries/HAL_Drivers/drv_soft_i2c.o
 .text.ra_set_scl
                0x0000c170       0x36 ./libraries/HAL_Drivers/drv_soft_i2c.o
 .text.ra_get_sda
                0x0000c1a6       0x20 ./libraries/HAL_Drivers/drv_soft_i2c.o
 .text.ra_get_scl
                0x0000c1c6       0x20 ./libraries/HAL_Drivers/drv_soft_i2c.o
 *fill*         0x0000c1e6        0x2 ff
 .text.ra_udelay
                0x0000c1e8       0x84 ./libraries/HAL_Drivers/drv_soft_i2c.o
 .text.ra_i2c_bus_unlock
                0x0000c26c       0x6c ./libraries/HAL_Drivers/drv_soft_i2c.o
 .text.rt_hw_i2c_init
                0x0000c2d8       0xe8 ./libraries/HAL_Drivers/drv_soft_i2c.o
                0x0000c2d8                rt_hw_i2c_init
 .text.ra_uart_get_config
                0x0000c3c0       0x50 ./libraries/HAL_Drivers/drv_usart_v2.o
 .text.ra_uart_configure
                0x0000c410       0x7c ./libraries/HAL_Drivers/drv_usart_v2.o
 .text.ra_uart_control
                0x0000c48c       0x1a ./libraries/HAL_Drivers/drv_usart_v2.o
 *fill*         0x0000c4a6        0x2 ff
 .text.ra_uart_putc
                0x0000c4a8       0x68 ./libraries/HAL_Drivers/drv_usart_v2.o
 .text.ra_uart_getc
                0x0000c510       0x16 ./libraries/HAL_Drivers/drv_usart_v2.o
 *fill*         0x0000c526        0x2 ff
 .text.user_uart7_callback
                0x0000c528       0x78 ./libraries/HAL_Drivers/drv_usart_v2.o
                0x0000c528                user_uart7_callback
 .text.rt_hw_usart_init
                0x0000c5a0       0xb8 ./libraries/HAL_Drivers/drv_usart_v2.o
                0x0000c5a0                rt_hw_usart_init
 .text.cos      0x0000c658       0xa8 d:/rt-threadstudio/repo/extract/toolchain_support_packages/arm/gnu_tools_for_arm_embedded_processors/10.2.1/bin/../lib/gcc/arm-none-eabi/10.2.1/../../../../arm-none-eabi/lib/thumb/v8-m.main+fp/hard\libm.a(lib_a-s_cos.o)
                0x0000c658                cos
 .text.sin      0x0000c700       0xa8 d:/rt-threadstudio/repo/extract/toolchain_support_packages/arm/gnu_tools_for_arm_embedded_processors/10.2.1/bin/../lib/gcc/arm-none-eabi/10.2.1/../../../../arm-none-eabi/lib/thumb/v8-m.main+fp/hard\libm.a(lib_a-s_sin.o)
                0x0000c700                sin
 .text.__ieee754_rem_pio2
                0x0000c7a8      0x44c d:/rt-threadstudio/repo/extract/toolchain_support_packages/arm/gnu_tools_for_arm_embedded_processors/10.2.1/bin/../lib/gcc/arm-none-eabi/10.2.1/../../../../arm-none-eabi/lib/thumb/v8-m.main+fp/hard\libm.a(lib_a-e_rem_pio2.o)
                0x0000c7a8                __ieee754_rem_pio2
 *fill*         0x0000cbf4        0x4 ff
 .text.__kernel_cos
                0x0000cbf8      0x27c d:/rt-threadstudio/repo/extract/toolchain_support_packages/arm/gnu_tools_for_arm_embedded_processors/10.2.1/bin/../lib/gcc/arm-none-eabi/10.2.1/../../../../arm-none-eabi/lib/thumb/v8-m.main+fp/hard\libm.a(lib_a-k_cos.o)
                0x0000cbf8                __kernel_cos
 *fill*         0x0000ce74        0x4 ff
 .text.__kernel_rem_pio2
                0x0000ce78      0x848 d:/rt-threadstudio/repo/extract/toolchain_support_packages/arm/gnu_tools_for_arm_embedded_processors/10.2.1/bin/../lib/gcc/arm-none-eabi/10.2.1/../../../../arm-none-eabi/lib/thumb/v8-m.main+fp/hard\libm.a(lib_a-k_rem_pio2.o)
                0x0000ce78                __kernel_rem_pio2
 .text.__kernel_sin
                0x0000d6c0      0x18c d:/rt-threadstudio/repo/extract/toolchain_support_packages/arm/gnu_tools_for_arm_embedded_processors/10.2.1/bin/../lib/gcc/arm-none-eabi/10.2.1/../../../../arm-none-eabi/lib/thumb/v8-m.main+fp/hard\libm.a(lib_a-k_sin.o)
                0x0000d6c0                __kernel_sin
 .text.fabs     0x0000d84c       0x14 d:/rt-threadstudio/repo/extract/toolchain_support_packages/arm/gnu_tools_for_arm_embedded_processors/10.2.1/bin/../lib/gcc/arm-none-eabi/10.2.1/../../../../arm-none-eabi/lib/thumb/v8-m.main+fp/hard\libm.a(lib_a-s_fabs.o)
                0x0000d84c                fabs
 .text.floor    0x0000d860      0x108 d:/rt-threadstudio/repo/extract/toolchain_support_packages/arm/gnu_tools_for_arm_embedded_processors/10.2.1/bin/../lib/gcc/arm-none-eabi/10.2.1/../../../../arm-none-eabi/lib/thumb/v8-m.main+fp/hard\libm.a(lib_a-s_floor.o)
                0x0000d860                floor
 .text.scalbn   0x0000d968      0x128 d:/rt-threadstudio/repo/extract/toolchain_support_packages/arm/gnu_tools_for_arm_embedded_processors/10.2.1/bin/../lib/gcc/arm-none-eabi/10.2.1/../../../../arm-none-eabi/lib/thumb/v8-m.main+fp/hard\libm.a(lib_a-s_scalbn.o)
                0x0000d968                scalbn
 .text.memcmp   0x0000da90       0x60 d:/rt-threadstudio/repo/extract/toolchain_support_packages/arm/gnu_tools_for_arm_embedded_processors/10.2.1/bin/../lib/gcc/arm-none-eabi/10.2.1/../../../../arm-none-eabi/lib/thumb/v8-m.main+fp/hard\libc.a(lib_a-memcmp.o)
                0x0000da90                memcmp
 .text          0x0000daf0       0xec d:/rt-threadstudio/repo/extract/toolchain_support_packages/arm/gnu_tools_for_arm_embedded_processors/10.2.1/bin/../lib/gcc/arm-none-eabi/10.2.1/../../../../arm-none-eabi/lib/thumb/v8-m.main+fp/hard\libc.a(lib_a-memcpy.o)
                0x0000daf0                memcpy
 .text.memmove  0x0000dbdc       0xf8 d:/rt-threadstudio/repo/extract/toolchain_support_packages/arm/gnu_tools_for_arm_embedded_processors/10.2.1/bin/../lib/gcc/arm-none-eabi/10.2.1/../../../../arm-none-eabi/lib/thumb/v8-m.main+fp/hard\libc.a(lib_a-memmove.o)
                0x0000dbdc                memmove
 .text.memset   0x0000dcd4       0xa4 d:/rt-threadstudio/repo/extract/toolchain_support_packages/arm/gnu_tools_for_arm_embedded_processors/10.2.1/bin/../lib/gcc/arm-none-eabi/10.2.1/../../../../arm-none-eabi/lib/thumb/v8-m.main+fp/hard\libc.a(lib_a-memset.o)
                0x0000dcd4                memset
 .text.snprintf
                0x0000dd78       0x88 d:/rt-threadstudio/repo/extract/toolchain_support_packages/arm/gnu_tools_for_arm_embedded_processors/10.2.1/bin/../lib/gcc/arm-none-eabi/10.2.1/../../../../arm-none-eabi/lib/thumb/v8-m.main+fp/hard\libc.a(lib_a-snprintf.o)
                0x0000dd78                snprintf
 .text.strlen   0x0000de00       0x5c d:/rt-threadstudio/repo/extract/toolchain_support_packages/arm/gnu_tools_for_arm_embedded_processors/10.2.1/bin/../lib/gcc/arm-none-eabi/10.2.1/../../../../arm-none-eabi/lib/thumb/v8-m.main+fp/hard\libc.a(lib_a-strlen-stub.o)
                0x0000de00                strlen
 .text.strncmp  0x0000de5c       0x78 d:/rt-threadstudio/repo/extract/toolchain_support_packages/arm/gnu_tools_for_arm_embedded_processors/10.2.1/bin/../lib/gcc/arm-none-eabi/10.2.1/../../../../arm-none-eabi/lib/thumb/v8-m.main+fp/hard\libc.a(lib_a-strncmp.o)
                0x0000de5c                strncmp
 .text.strncpy  0x0000ded4       0x64 d:/rt-threadstudio/repo/extract/toolchain_support_packages/arm/gnu_tools_for_arm_embedded_processors/10.2.1/bin/../lib/gcc/arm-none-eabi/10.2.1/../../../../arm-none-eabi/lib/thumb/v8-m.main+fp/hard\libc.a(lib_a-strncpy.o)
                0x0000ded4                strncpy
 .text._svfprintf_r
                0x0000df38     0x1a8c d:/rt-threadstudio/repo/extract/toolchain_support_packages/arm/gnu_tools_for_arm_embedded_processors/10.2.1/bin/../lib/gcc/arm-none-eabi/10.2.1/../../../../arm-none-eabi/lib/thumb/v8-m.main+fp/hard\libc.a(lib_a-svfprintf.o)
                0x0000df38                _svfprintf_r
 .text.startup.register_fini
                0x0000f9c4       0x14 d:/rt-threadstudio/repo/extract/toolchain_support_packages/arm/gnu_tools_for_arm_embedded_processors/10.2.1/bin/../lib/gcc/arm-none-eabi/10.2.1/../../../../arm-none-eabi/lib/thumb/v8-m.main+fp/hard\libc.a(lib_a-__call_atexit.o)
 .text.atexit   0x0000f9d8        0xc d:/rt-threadstudio/repo/extract/toolchain_support_packages/arm/gnu_tools_for_arm_embedded_processors/10.2.1/bin/../lib/gcc/arm-none-eabi/10.2.1/../../../../arm-none-eabi/lib/thumb/v8-m.main+fp/hard\libc.a(lib_a-atexit.o)
                0x0000f9d8                atexit
 .text.quorem   0x0000f9e4      0x134 d:/rt-threadstudio/repo/extract/toolchain_support_packages/arm/gnu_tools_for_arm_embedded_processors/10.2.1/bin/../lib/gcc/arm-none-eabi/10.2.1/../../../../arm-none-eabi/lib/thumb/v8-m.main+fp/hard\libc.a(lib_a-dtoa.o)
 .text._dtoa_r  0x0000fb18      0xf54 d:/rt-threadstudio/repo/extract/toolchain_support_packages/arm/gnu_tools_for_arm_embedded_processors/10.2.1/bin/../lib/gcc/arm-none-eabi/10.2.1/../../../../arm-none-eabi/lib/thumb/v8-m.main+fp/hard\libc.a(lib_a-dtoa.o)
                0x0000fb18                _dtoa_r
 .text.__libc_fini_array
                0x00010a6c       0x2c d:/rt-threadstudio/repo/extract/toolchain_support_packages/arm/gnu_tools_for_arm_embedded_processors/10.2.1/bin/../lib/gcc/arm-none-eabi/10.2.1/../../../../arm-none-eabi/lib/thumb/v8-m.main+fp/hard\libc.a(lib_a-fini.o)
                0x00010a6c                __libc_fini_array
 .text._localeconv_r
                0x00010a98        0x8 d:/rt-threadstudio/repo/extract/toolchain_support_packages/arm/gnu_tools_for_arm_embedded_processors/10.2.1/bin/../lib/gcc/arm-none-eabi/10.2.1/../../../../arm-none-eabi/lib/thumb/v8-m.main+fp/hard\libc.a(lib_a-localeconv.o)
                0x00010a98                _localeconv_r
 .text.__retarget_lock_acquire_recursive
                0x00010aa0        0x4 d:/rt-threadstudio/repo/extract/toolchain_support_packages/arm/gnu_tools_for_arm_embedded_processors/10.2.1/bin/../lib/gcc/arm-none-eabi/10.2.1/../../../../arm-none-eabi/lib/thumb/v8-m.main+fp/hard\libc.a(lib_a-lock.o)
                0x00010aa0                __retarget_lock_acquire_recursive
 .text.__retarget_lock_release_recursive
                0x00010aa4        0x4 d:/rt-threadstudio/repo/extract/toolchain_support_packages/arm/gnu_tools_for_arm_embedded_processors/10.2.1/bin/../lib/gcc/arm-none-eabi/10.2.1/../../../../arm-none-eabi/lib/thumb/v8-m.main+fp/hard\libc.a(lib_a-lock.o)
                0x00010aa4                __retarget_lock_release_recursive
 .text.memchr   0x00010aa8       0x80 d:/rt-threadstudio/repo/extract/toolchain_support_packages/arm/gnu_tools_for_arm_embedded_processors/10.2.1/bin/../lib/gcc/arm-none-eabi/10.2.1/../../../../arm-none-eabi/lib/thumb/v8-m.main+fp/hard\libc.a(lib_a-memchr-stub.o)
                0x00010aa8                memchr
 .text._Balloc  0x00010b28       0x4c d:/rt-threadstudio/repo/extract/toolchain_support_packages/arm/gnu_tools_for_arm_embedded_processors/10.2.1/bin/../lib/gcc/arm-none-eabi/10.2.1/../../../../arm-none-eabi/lib/thumb/v8-m.main+fp/hard\libc.a(lib_a-mprec.o)
                0x00010b28                _Balloc
 .text._Bfree   0x00010b74       0x14 d:/rt-threadstudio/repo/extract/toolchain_support_packages/arm/gnu_tools_for_arm_embedded_processors/10.2.1/bin/../lib/gcc/arm-none-eabi/10.2.1/../../../../arm-none-eabi/lib/thumb/v8-m.main+fp/hard\libc.a(lib_a-mprec.o)
                0x00010b74                _Bfree
 .text.__multadd
                0x00010b88       0xa8 d:/rt-threadstudio/repo/extract/toolchain_support_packages/arm/gnu_tools_for_arm_embedded_processors/10.2.1/bin/../lib/gcc/arm-none-eabi/10.2.1/../../../../arm-none-eabi/lib/thumb/v8-m.main+fp/hard\libc.a(lib_a-mprec.o)
                0x00010b88                __multadd
 .text.__hi0bits
                0x00010c30       0x44 d:/rt-threadstudio/repo/extract/toolchain_support_packages/arm/gnu_tools_for_arm_embedded_processors/10.2.1/bin/../lib/gcc/arm-none-eabi/10.2.1/../../../../arm-none-eabi/lib/thumb/v8-m.main+fp/hard\libc.a(lib_a-mprec.o)
                0x00010c30                __hi0bits
 .text.__lo0bits
                0x00010c74       0x60 d:/rt-threadstudio/repo/extract/toolchain_support_packages/arm/gnu_tools_for_arm_embedded_processors/10.2.1/bin/../lib/gcc/arm-none-eabi/10.2.1/../../../../arm-none-eabi/lib/thumb/v8-m.main+fp/hard\libc.a(lib_a-mprec.o)
                0x00010c74                __lo0bits
 .text.__i2b    0x00010cd4       0x5c d:/rt-threadstudio/repo/extract/toolchain_support_packages/arm/gnu_tools_for_arm_embedded_processors/10.2.1/bin/../lib/gcc/arm-none-eabi/10.2.1/../../../../arm-none-eabi/lib/thumb/v8-m.main+fp/hard\libc.a(lib_a-mprec.o)
                0x00010cd4                __i2b
 .text.__multiply
                0x00010d30      0x15c d:/rt-threadstudio/repo/extract/toolchain_support_packages/arm/gnu_tools_for_arm_embedded_processors/10.2.1/bin/../lib/gcc/arm-none-eabi/10.2.1/../../../../arm-none-eabi/lib/thumb/v8-m.main+fp/hard\libc.a(lib_a-mprec.o)
                0x00010d30                __multiply
 .text.__pow5mult
                0x00010e8c       0xc0 d:/rt-threadstudio/repo/extract/toolchain_support_packages/arm/gnu_tools_for_arm_embedded_processors/10.2.1/bin/../lib/gcc/arm-none-eabi/10.2.1/../../../../arm-none-eabi/lib/thumb/v8-m.main+fp/hard\libc.a(lib_a-mprec.o)
                0x00010e8c                __pow5mult
 .text.__lshift
                0x00010f4c       0xe8 d:/rt-threadstudio/repo/extract/toolchain_support_packages/arm/gnu_tools_for_arm_embedded_processors/10.2.1/bin/../lib/gcc/arm-none-eabi/10.2.1/../../../../arm-none-eabi/lib/thumb/v8-m.main+fp/hard\libc.a(lib_a-mprec.o)
                0x00010f4c                __lshift
 .text.__mcmp   0x00011034       0x44 d:/rt-threadstudio/repo/extract/toolchain_support_packages/arm/gnu_tools_for_arm_embedded_processors/10.2.1/bin/../lib/gcc/arm-none-eabi/10.2.1/../../../../arm-none-eabi/lib/thumb/v8-m.main+fp/hard\libc.a(lib_a-mprec.o)
                0x00011034                __mcmp
 .text.__mdiff  0x00011078      0x148 d:/rt-threadstudio/repo/extract/toolchain_support_packages/arm/gnu_tools_for_arm_embedded_processors/10.2.1/bin/../lib/gcc/arm-none-eabi/10.2.1/../../../../arm-none-eabi/lib/thumb/v8-m.main+fp/hard\libc.a(lib_a-mprec.o)
                0x00011078                __mdiff
 .text.__d2b    0x000111c0       0xd0 d:/rt-threadstudio/repo/extract/toolchain_support_packages/arm/gnu_tools_for_arm_embedded_processors/10.2.1/bin/../lib/gcc/arm-none-eabi/10.2.1/../../../../arm-none-eabi/lib/thumb/v8-m.main+fp/hard\libc.a(lib_a-mprec.o)
                0x000111c0                __d2b
 .text.frexp    0x00011290       0x70 d:/rt-threadstudio/repo/extract/toolchain_support_packages/arm/gnu_tools_for_arm_embedded_processors/10.2.1/bin/../lib/gcc/arm-none-eabi/10.2.1/../../../../arm-none-eabi/lib/thumb/v8-m.main+fp/hard\libc.a(lib_a-s_frexp.o)
                0x00011290                frexp
 .text.__ssprint_r
                0x00011300      0x100 d:/rt-threadstudio/repo/extract/toolchain_support_packages/arm/gnu_tools_for_arm_embedded_processors/10.2.1/bin/../lib/gcc/arm-none-eabi/10.2.1/../../../../arm-none-eabi/lib/thumb/v8-m.main+fp/hard\libc.a(lib_a-svfiprintf.o)
                0x00011300                __ssprint_r
 .text.__register_exitproc
                0x00011400       0x90 d:/rt-threadstudio/repo/extract/toolchain_support_packages/arm/gnu_tools_for_arm_embedded_processors/10.2.1/bin/../lib/gcc/arm-none-eabi/10.2.1/../../../../arm-none-eabi/lib/thumb/v8-m.main+fp/hard\libc.a(lib_a-__atexit.o)
                0x00011400                __register_exitproc
 .text.__ascii_mbtowc
                0x00011490       0x2c d:/rt-threadstudio/repo/extract/toolchain_support_packages/arm/gnu_tools_for_arm_embedded_processors/10.2.1/bin/../lib/gcc/arm-none-eabi/10.2.1/../../../../arm-none-eabi/lib/thumb/v8-m.main+fp/hard\libc.a(lib_a-mbtowc_r.o)
                0x00011490                __ascii_mbtowc
 .text.__ascii_wctomb
                0x000114bc       0x1c d:/rt-threadstudio/repo/extract/toolchain_support_packages/arm/gnu_tools_for_arm_embedded_processors/10.2.1/bin/../lib/gcc/arm-none-eabi/10.2.1/../../../../arm-none-eabi/lib/thumb/v8-m.main+fp/hard\libc.a(lib_a-wctomb_r.o)
                0x000114bc                __ascii_wctomb
 .text          0x000114d8      0x378 d:/rt-threadstudio/repo/extract/toolchain_support_packages/arm/gnu_tools_for_arm_embedded_processors/10.2.1/bin/../lib/gcc/arm-none-eabi/10.2.1/thumb/v8-m.main+fp/hard\libgcc.a(_arm_addsubdf3.o)
                0x000114d8                __aeabi_drsub
                0x000114e0                __aeabi_dsub
                0x000114e0                __subdf3
                0x000114e4                __aeabi_dadd
                0x000114e4                __adddf3
                0x0001175c                __floatunsidf
                0x0001175c                __aeabi_ui2d
                0x0001177c                __floatsidf
                0x0001177c                __aeabi_i2d
                0x000117a0                __aeabi_f2d
                0x000117a0                __extendsfdf2
                0x000117e4                __floatundidf
                0x000117e4                __aeabi_ul2d
                0x000117f4                __floatdidf
                0x000117f4                __aeabi_l2d
 .text          0x00011850      0x424 d:/rt-threadstudio/repo/extract/toolchain_support_packages/arm/gnu_tools_for_arm_embedded_processors/10.2.1/bin/../lib/gcc/arm-none-eabi/10.2.1/thumb/v8-m.main+fp/hard\libgcc.a(_arm_muldivdf3.o)
                0x00011850                __aeabi_dmul
                0x00011850                __muldf3
                0x00011aa4                __divdf3
                0x00011aa4                __aeabi_ddiv
 .text          0x00011c74      0x110 d:/rt-threadstudio/repo/extract/toolchain_support_packages/arm/gnu_tools_for_arm_embedded_processors/10.2.1/bin/../lib/gcc/arm-none-eabi/10.2.1/thumb/v8-m.main+fp/hard\libgcc.a(_arm_cmpdf2.o)
                0x00011c74                __gtdf2
                0x00011c74                __gedf2
                0x00011c7c                __ltdf2
                0x00011c7c                __ledf2
                0x00011c84                __nedf2
                0x00011c84                __eqdf2
                0x00011c84                __cmpdf2
                0x00011d00                __aeabi_cdrcmple
                0x00011d10                __aeabi_cdcmpeq
                0x00011d10                __aeabi_cdcmple
                0x00011d20                __aeabi_dcmpeq
                0x00011d34                __aeabi_dcmplt
                0x00011d48                __aeabi_dcmple
                0x00011d5c                __aeabi_dcmpge
                0x00011d70                __aeabi_dcmpgt
 .text          0x00011d84       0x2c d:/rt-threadstudio/repo/extract/toolchain_support_packages/arm/gnu_tools_for_arm_embedded_processors/10.2.1/bin/../lib/gcc/arm-none-eabi/10.2.1/thumb/v8-m.main+fp/hard\libgcc.a(_arm_unorddf2.o)
                0x00011d84                __unorddf2
                0x00011d84                __aeabi_dcmpun
 .text          0x00011db0       0x50 d:/rt-threadstudio/repo/extract/toolchain_support_packages/arm/gnu_tools_for_arm_embedded_processors/10.2.1/bin/../lib/gcc/arm-none-eabi/10.2.1/thumb/v8-m.main+fp/hard\libgcc.a(_arm_fixdfsi.o)
                0x00011db0                __aeabi_d2iz
                0x00011db0                __fixdfsi
 .text          0x00011e00       0xa0 d:/rt-threadstudio/repo/extract/toolchain_support_packages/arm/gnu_tools_for_arm_embedded_processors/10.2.1/bin/../lib/gcc/arm-none-eabi/10.2.1/thumb/v8-m.main+fp/hard\libgcc.a(_arm_truncdfsf2.o)
                0x00011e00                __truncdfsf2
                0x00011e00                __aeabi_d2f
 .text          0x00011ea0       0x30 d:/rt-threadstudio/repo/extract/toolchain_support_packages/arm/gnu_tools_for_arm_embedded_processors/10.2.1/bin/../lib/gcc/arm-none-eabi/10.2.1/thumb/v8-m.main+fp/hard\libgcc.a(_aeabi_uldivmod.o)
                0x00011ea0                __aeabi_uldivmod
 .text          0x00011ed0      0x2ec d:/rt-threadstudio/repo/extract/toolchain_support_packages/arm/gnu_tools_for_arm_embedded_processors/10.2.1/bin/../lib/gcc/arm-none-eabi/10.2.1/thumb/v8-m.main+fp/hard\libgcc.a(_udivmoddi4.o)
                0x00011ed0                __udivmoddi4
 .text          0x000121bc        0x4 d:/rt-threadstudio/repo/extract/toolchain_support_packages/arm/gnu_tools_for_arm_embedded_processors/10.2.1/bin/../lib/gcc/arm-none-eabi/10.2.1/thumb/v8-m.main+fp/hard\libgcc.a(_dvmd_tls.o)
                0x000121bc                __aeabi_idiv0
                0x000121bc                __aeabi_ldiv0
 *(.version)
 .version       0x000121c0       0x50 ./ra/fsp/src/bsp/mcu/all/bsp_common.o
 *(.init)
 .init          0x00012210        0x4 d:/rt-threadstudio/repo/extract/toolchain_support_packages/arm/gnu_tools_for_arm_embedded_processors/10.2.1/bin/../lib/gcc/arm-none-eabi/10.2.1/thumb/v8-m.main+fp/hard/crti.o
                0x00012210                _init
 .init          0x00012214        0x8 d:/rt-threadstudio/repo/extract/toolchain_support_packages/arm/gnu_tools_for_arm_embedded_processors/10.2.1/bin/../lib/gcc/arm-none-eabi/10.2.1/thumb/v8-m.main+fp/hard/crtn.o
 *(.fini)
 .fini          0x0001221c        0x4 d:/rt-threadstudio/repo/extract/toolchain_support_packages/arm/gnu_tools_for_arm_embedded_processors/10.2.1/bin/../lib/gcc/arm-none-eabi/10.2.1/thumb/v8-m.main+fp/hard/crti.o
                0x0001221c                _fini
 .fini          0x00012220        0x8 d:/rt-threadstudio/repo/extract/toolchain_support_packages/arm/gnu_tools_for_arm_embedded_processors/10.2.1/bin/../lib/gcc/arm-none-eabi/10.2.1/thumb/v8-m.main+fp/hard/crtn.o
                0x00012228                . = ALIGN (0x4)
                0x00012228                __fsymtab_start = .
 *(FSymTab)
 FSymTab        0x00012228        0xc ./src/hal_entry.o
                0x00012228                __fsym_icu_sample
 FSymTab        0x00012234       0x78 ./rt-thread/components/finsh/cmd.o
                0x00012234                __fsym_clear
                0x00012240                __fsym_version
                0x0001224c                __fsym_list_thread
                0x00012258                __fsym_list_sem
                0x00012264                __fsym_list_event
                0x00012270                __fsym_list_mutex
                0x0001227c                __fsym_list_mailbox
                0x00012288                __fsym_list_msgqueue
                0x00012294                __fsym_list_timer
                0x000122a0                __fsym_list_device
 FSymTab        0x000122ac       0x24 ./rt-thread/components/finsh/msh.o
                0x000122ac                __fsym_help
                0x000122b8                __fsym_ps
                0x000122c4                __fsym_free
 FSymTab        0x000122d0        0xc ./packages/ssd1306-latest/examples/ssd1306_tests.o
                0x000122d0                __fsym_ssd1306_TestAll
 FSymTab        0x000122dc        0xc ./libraries/HAL_Drivers/drv_common.o
                0x000122dc                __fsym_reboot
                0x000122e8                __fsymtab_end = .
                0x000122e8                . = ALIGN (0x4)
                0x000122e8                __vsymtab_start = .
 *(VSymTab)
                0x000122e8                __vsymtab_end = .
                0x000122e8                . = ALIGN (0x4)
                0x000122e8                __rt_init_start = .
 *(SORT_BY_NAME(.rti_fn*))
 .rti_fn.0      0x000122e8        0x4 ./rt-thread/src/components.o
                0x000122e8                __rt_init_rti_start
 .rti_fn.0.end  0x000122ec        0x4 ./rt-thread/src/components.o
                0x000122ec                __rt_init_rti_board_start
 .rti_fn.1      0x000122f0        0x4 ./libraries/HAL_Drivers/drv_soft_i2c.o
                0x000122f0                __rt_init_rt_hw_i2c_init
 .rti_fn.1.end  0x000122f4        0x4 ./rt-thread/src/components.o
                0x000122f4                __rt_init_rti_board_end
 .rti_fn.4      0x000122f8        0x4 ./rt-thread/components/drivers/i2c/i2c_core.o
                0x000122f8                __rt_init_rt_i2c_core_init
 .rti_fn.6      0x000122fc        0x4 ./rt-thread/components/finsh/shell.o
                0x000122fc                __rt_init_finsh_system_init
 .rti_fn.6.end  0x00012300        0x4 ./rt-thread/src/components.o
                0x00012300                __rt_init_rti_end
                0x00012304                __rt_init_end = .
                0x00012304                . = ALIGN (0x4)
 *(FalPartTable)
 *crtbegin.o(.ctors)
 *crtbegin?.o(.ctors)
 *(EXCLUDE_FILE(*crtend.o *crtend?.o) .ctors)
 *(SORT_BY_NAME(.ctors.*))
 *(.ctors)
 *crtbegin.o(.dtors)
 *crtbegin?.o(.dtors)
 *(EXCLUDE_FILE(*crtend.o *crtend?.o) .dtors)
 *(SORT_BY_NAME(.dtors.*))
 *(.dtors)
 *(.rodata*)
 .rodata        0x00012304       0x77 ./src/hal_entry.o
 *fill*         0x0001237b        0x1 ff
 .rodata.name   0x0001237c       0x17 ./src/hal_entry.o
                0x0001237c                __fsym_icu_sample_name
                0x00012388                __fsym_icu_sample_desc
 *fill*         0x00012393        0x1 ff
 .rodata        0x00012394       0x17 ./rt-thread/src/components.o
 *fill*         0x000123ab        0x1 ff
 .rodata.__FUNCTION__.0
                0x000123ac       0x14 ./rt-thread/src/components.o
 .rodata        0x000123c0       0xbc ./rt-thread/src/device.o
 .rodata.__FUNCTION__.6
                0x0001247c        0xf ./rt-thread/src/device.o
 *fill*         0x0001248b        0x1 ff
 .rodata.__FUNCTION__.5
                0x0001248c       0x10 ./rt-thread/src/device.o
 .rodata.__FUNCTION__.4
                0x0001249c        0xf ./rt-thread/src/device.o
 *fill*         0x000124ab        0x1 ff
 .rodata.__FUNCTION__.3
                0x000124ac       0x10 ./rt-thread/src/device.o
 .rodata.__FUNCTION__.1
                0x000124bc       0x1a ./rt-thread/src/device.o
 *fill*         0x000124d6        0x2 ff
 .rodata        0x000124d8        0x8 ./rt-thread/src/idle.o
 .rodata        0x000124e0      0x4de ./rt-thread/src/ipc.o
 *fill*         0x000129be        0x2 ff
 .rodata.__FUNCTION__.37
                0x000129c0        0xc ./rt-thread/src/ipc.o
 .rodata.__FUNCTION__.33
                0x000129cc        0xc ./rt-thread/src/ipc.o
 .rodata.__FUNCTION__.32
                0x000129d8       0x12 ./rt-thread/src/ipc.o
 *fill*         0x000129ea        0x2 ff
 .rodata.__FUNCTION__.31
                0x000129ec        0xf ./rt-thread/src/ipc.o
 *fill*         0x000129fb        0x1 ff
 .rodata.__FUNCTION__.29
                0x000129fc        0xe ./rt-thread/src/ipc.o
 *fill*         0x00012a0a        0x2 ff
 .rodata.__FUNCTION__.25
                0x00012a0c        0xe ./rt-thread/src/ipc.o
 *fill*         0x00012a1a        0x2 ff
 .rodata.__FUNCTION__.24
                0x00012a1c       0x11 ./rt-thread/src/ipc.o
 *fill*         0x00012a2d        0x3 ff
 .rodata        0x00012a30      0x107 ./rt-thread/src/kservice.o
 *fill*         0x00012b37        0x1 ff
 .rodata.large_digits.4
                0x00012b38       0x11 ./rt-thread/src/kservice.o
 *fill*         0x00012b49        0x3 ff
 .rodata.small_digits.3
                0x00012b4c       0x11 ./rt-thread/src/kservice.o
 *fill*         0x00012b5d        0x3 ff
 .rodata.__FUNCTION__.1
                0x00012b60       0x14 ./rt-thread/src/kservice.o
 .rodata.__FUNCTION__.0
                0x00012b74        0xd ./rt-thread/src/kservice.o
 *fill*         0x00012b81        0x3 ff
 .rodata        0x00012b84      0x41b ./rt-thread/src/mem.o
 *fill*         0x00012f9f        0x1 ff
 .rodata.__FUNCTION__.4
                0x00012fa0        0xb ./rt-thread/src/mem.o
 *fill*         0x00012fab        0x1 ff
 .rodata.__FUNCTION__.2
                0x00012fac        0xe ./rt-thread/src/mem.o
 *fill*         0x00012fba        0x2 ff
 .rodata.__FUNCTION__.1
                0x00012fbc       0x10 ./rt-thread/src/mem.o
 .rodata.__FUNCTION__.0
                0x00012fcc        0xd ./rt-thread/src/mem.o
 *fill*         0x00012fd9        0x3 ff
 .rodata        0x00012fdc       0x91 ./rt-thread/src/object.o
 *fill*         0x0001306d        0x3 ff
 .rodata.__FUNCTION__.6
                0x00013070        0xf ./rt-thread/src/object.o
 *fill*         0x0001307f        0x1 ff
 .rodata.__FUNCTION__.5
                0x00013080       0x11 ./rt-thread/src/object.o
 *fill*         0x00013091        0x3 ff
 .rodata.__FUNCTION__.4
                0x00013094       0x13 ./rt-thread/src/object.o
 *fill*         0x000130a7        0x1 ff
 .rodata.__FUNCTION__.3
                0x000130a8       0x11 ./rt-thread/src/object.o
 *fill*         0x000130b9        0x3 ff
 .rodata.__FUNCTION__.2
                0x000130bc       0x1a ./rt-thread/src/object.o
 *fill*         0x000130d6        0x2 ff
 .rodata.__FUNCTION__.1
                0x000130d8       0x13 ./rt-thread/src/object.o
 *fill*         0x000130eb        0x1 ff
 .rodata.__FUNCTION__.0
                0x000130ec        0xf ./rt-thread/src/object.o
 *fill*         0x000130fb        0x1 ff
 .rodata        0x000130fc       0x65 ./rt-thread/src/scheduler.o
 *fill*         0x00013161        0x3 ff
 .rodata.__FUNCTION__.2
                0x00013164       0x1a ./rt-thread/src/scheduler.o
 *fill*         0x0001317e        0x2 ff
 .rodata.__FUNCTION__.1
                0x00013180       0x1a ./rt-thread/src/scheduler.o
 *fill*         0x0001319a        0x2 ff
 .rodata.__FUNCTION__.0
                0x0001319c       0x1a ./rt-thread/src/scheduler.o
 *fill*         0x000131b6        0x2 ff
 .rodata        0x000131b8      0x19f ./rt-thread/src/thread.o
 *fill*         0x00013357        0x1 ff
 .rodata.__FUNCTION__.10
                0x00013358       0x10 ./rt-thread/src/thread.o
 .rodata.__FUNCTION__.9
                0x00013368        0xd ./rt-thread/src/thread.o
 *fill*         0x00013375        0x3 ff
 .rodata.__FUNCTION__.8
                0x00013378        0xf ./rt-thread/src/thread.o
 *fill*         0x00013387        0x1 ff
 .rodata.__FUNCTION__.7
                0x00013388       0x12 ./rt-thread/src/thread.o
 *fill*         0x0001339a        0x2 ff
 .rodata.__FUNCTION__.6
                0x0001339c       0x11 ./rt-thread/src/thread.o
 *fill*         0x000133ad        0x3 ff
 .rodata.__FUNCTION__.5
                0x000133b0       0x11 ./rt-thread/src/thread.o
 *fill*         0x000133c1        0x3 ff
 .rodata.__FUNCTION__.4
                0x000133c4       0x10 ./rt-thread/src/thread.o
 .rodata.__FUNCTION__.2
                0x000133d4       0x12 ./rt-thread/src/thread.o
 *fill*         0x000133e6        0x2 ff
 .rodata.__FUNCTION__.1
                0x000133e8       0x12 ./rt-thread/src/thread.o
 *fill*         0x000133fa        0x2 ff
 .rodata.__FUNCTION__.0
                0x000133fc       0x11 ./rt-thread/src/thread.o
 *fill*         0x0001340d        0x3 ff
 .rodata        0x00013410      0x10e ./rt-thread/src/timer.o
 *fill*         0x0001351e        0x2 ff
 .rodata.__FUNCTION__.7
                0x00013520        0xe ./rt-thread/src/timer.o
 *fill*         0x0001352e        0x2 ff
 .rodata.__FUNCTION__.6
                0x00013530       0x10 ./rt-thread/src/timer.o
 .rodata.__FUNCTION__.3
                0x00013540        0xf ./rt-thread/src/timer.o
 *fill*         0x0001354f        0x1 ff
 .rodata.__FUNCTION__.1
                0x00013550        0xe ./rt-thread/src/timer.o
 *fill*         0x0001355e        0x2 ff